<html>
<body>
<pre>
<h1>礦ision Build Log</h1>
<h2>Tool Versions:</h2>
IDE-Version: μVision V5.25.2.0
Copyright (C) 2018 ARM Ltd and ARM Germany GmbH. All rights reserved.
License Information: wang hongye, hikari, LIC=0VR56-D5ACI-HPRZN-YYUJX-I0FQQ-5VN0Q
 
Tool Versions:
Toolchain:       MDK-ARM Professional  Version: 5.25.2.0
Toolchain Path:  C:\Keil_v5\ARM\ARMCC\Bin
C Compiler:      Armcc.exe V5.06 update 6 (build 750)
Assembler:       Armasm.exe V5.06 update 6 (build 750)
Linker/Locator:  ArmLink.exe V5.06 update 6 (build 750)
Library Manager: ArmAr.exe V5.06 update 6 (build 750)
Hex Converter:   FromElf.exe V5.06 update 6 (build 750)
CPU DLL:         SARMCM3.DLL V5.25.2.0
Dialog DLL:      DCM.DLL V1.17.1.0
Target DLL:      STLink\ST-LINKIII-KEIL_SWO.dll V3.0.1.0
Dialog DLL:      TCM.DLL V1.35.1.0
 
<h2>Project:</h2>
C:\Users\WANG HONG YE\Documents\GitHub\Smart-Home\project.uvprojx
Project File Date:  09/29/2019

<h2>Output:</h2>
*** Using Compiler 'V5.06 update 6 (build 750)', folder: 'C:\Keil_v5\ARM\ARMCC\Bin'
Build target '智能家居项目'
compiling components.c...
compiling clock.c...
compiling irq.c...
compiling device.c...
compiling idle.c...
compiling mem.c...
compiling kservice.c...
compiling ipc.c...
compiling object.c...
compiling mempool.c...
compiling scheduler.c...
compiling memheap.c...
compiling thread.c...
compiling signal.c...
compiling timer.c...
assembling context_rvds.S...
compiling div0.c...
compiling cpuport.c...
compiling showmem.c...
compiling backtrace.c...
compiling 24cxx.c...
compiling app.c...
compiling bsp_gsm.c...
compiling 24l01.c...
compiling bsp_ds18b20.c...
compiling beep.c...
compiling bsp_adc.c...
compiling bsp_key.c...
compiling bsp_led.c...
compiling bsp_rsd.c...
compiling bsp_wb.c...
compiling bsp_timer.c...
compiling ctiic.c...
compiling delay.c...
compiling dht11.c...
compiling dm9000.c...
compiling ft5206.c...
compiling gt9147.c...
compiling mailbox.c...
compiling myiic.c...
compiling main.c...
compiling lcd.c...
compiling ott2001a.c...
compiling public.c...
compiling sys.c...
compiling remote.c...
compiling rtc.c...
compiling spi.c...
compiling sram.c...
compiling touch.c...
compiling stm32f1xx_it.c...
compiling usart.c...
compiling board.c...
compiling drv_gpio.c...
compiling drv_usart.c...
compiling system_stm32f1xx.c...
compiling stm32f1xx_hal_flash.c...
compiling stm32f1xx_hal_gpio_ex.c...
compiling stm32f1xx_hal_adc_ex.c...
compiling stm32f1xx_hal_gpio.c...
compiling stm32f1xx_hal_adc.c...
compiling stm32f1xx_hal_flash_ex.c...
compiling stm32f1xx_hal_dma.c...
compiling stm32f1xx_hal_cortex.c...
compiling stm32f1xx_hal_iwdg.c...
compiling stm32f1xx_hal_irda.c...
compiling stm32f1xx_hal_crc.c...
compiling stm32f1xx_hal_i2c.c...
compiling stm32f1xx_hal_pwr.c...
compiling stm32f1xx_hal_rcc.c...
compiling stm32f1xx_hal_rtc.c...
compiling stm32f1xx_hal_rcc_ex.c...
compiling stm32f1xx_hal_rtc_ex.c...
compiling stm32f1xx_hal_smartcard.c...
compiling stm32f1xx_hal_spi.c...
compiling stm32f1xx_hal_spi_ex.c...
compiling stm32f1xx_hal_tim.c...
compiling stm32f1xx_hal_tim_ex.c...
compiling stm32f1xx_hal_uart.c...
compiling stm32f1xx_hal_wwdg.c...
compiling stm32f1xx_hal.c...
compiling stm32f1xx_ll_fsmc.c...
compiling stm32f1xx_hal_usart.c...
compiling stm32f1xx_ll_usb.c...
compiling stm32f1xx_ll_sdmmc.c...
compiling stm32f1xx_ll_utils.c...
compiling stm32f1xx_hal_can.c...
compiling stm32f1xx_hal_dac.c...
compiling stm32f1xx_hal_i2s.c...
compiling stm32f1xx_hal_dac_ex.c...
compiling stm32f1xx_hal_mmc.c...
compiling stm32f1xx_hal_sd.c...
compiling pin.c...
compiling stm32f1xx_hal_nand.c...
compiling serial.c...
compiling dataqueue.c...
compiling completion.c...
compiling ringbuffer.c...
compiling pipe.c...
compiling ringblk_buf.c...
compiling stm32f1xx_hal_pccard.c...
compiling waitqueue.c...
compiling workqueue.c...
compiling shell.c...
compiling symbol.c...
compiling cmd.c...
compiling msh_cmd.c...
compiling msh.c...
compiling msh_file.c...
compiling finsh_error.c...
compiling finsh_heap.c...
compiling stm32f1xx_hal_nor.c...
compiling stm32f1xx_hal_pcd.c...
compiling stm32f1xx_hal_sram.c...
compiling finsh_compiler.c...
compiling finsh_init.c...
compiling stm32f1xx_hal_pcd_ex.c...
compiling finsh_node.c...
compiling finsh_ops.c...
compiling finsh_vm.c...
compiling finsh_var.c...
compiling finsh_parser.c...
compiling libc.c...
compiling mem_std.c...
compiling finsh_token.c...
compiling stubs.c...
compiling time.c...
compiling gmtime_r.c...
compiling err.c...
compiling netbuf.c...
compiling api_lib.c...
compiling netdb.c...
compiling api_msg.c...
compiling netifapi.c...
compiling tcpip.c...
compiling def.c...
compiling sockets.c...
compiling sys_arch.c...
compiling dns.c...
compiling dhcp.c...
compiling init.c...
compiling netif.c...
compiling memp.c...
compiling stats.c...
compiling pbuf.c...
compiling raw.c...
compiling core_sys.c...
compiling timers.c...
compiling autoip.c...
compiling udp.c...
compiling tcp.c...
compiling icmp.c...
compiling tcp_out.c...
compiling tcp_in.c...
compiling inet.c...
compiling ip_addr.c...
compiling ip_frag.c...
compiling igmp.c...
compiling inet_chksum.c...
compiling ip.c...
compiling etharp.c...
compiling mem.c...
compiling slipif.c...
compiling fs.c...
compiling ethernetif.c...
compiling httpd.c...
compiling lwip_comm.c...
compiling httpd_cgi_ssi.c...
linking...
Program Size: Code=228400 RO-data=105200 RW-data=1212 ZI-data=46964  
FromELF: creating hex file...
After Build - User command #1: fromelf --bin .\build\rtthread-stm32.axf --output rtthread.bin
".\build\rtthread-stm32.axf" - 0 Error(s), 0 Warning(s).

<h2>Software Packages used:</h2>

Package Vendor: Keil
                http://www.keil.com/pack/Keil.STM32F1xx_DFP.2.2.0.pack
                Keil.STM32F1xx_DFP.2.2.0
                STMicroelectronics STM32F1 Series Device Support, Drivers and Examples

<h2>Collection of Component include folders:</h2>
  .\RTE\_____________
  C:\Keil_v5\ARM\PACK\Keil\STM32F1xx_DFP\2.2.0\Device\Include

<h2>Collection of Component Files used:</h2>
Build Time Elapsed:  00:01:30
</pre>
</body>
</html>
