Component: ARM Compiler 5.06 update 6 (build 750) Tool: armlink [4d35ed]

==============================================================================

Section Cross References

    clock.o(.text) refers to context_rvds.o(.text) for rt_hw_interrupt_disable
    clock.o(.text) refers to thread.o(.text) for rt_thread_self
    clock.o(.text) refers to timer.o(.text) for rt_timer_check
    clock.o(.text) refers to clock.o(.data) for rt_tick
    components.o(.text) refers to main.o(.text) for $Super$$main
    components.o(.text) refers to thread.o(.text) for rt_thread_create
    components.o(.text) refers to kservice.o(.text) for rt_assert_handler
    components.o(.text) refers to context_rvds.o(.text) for rt_hw_interrupt_disable
    components.o(.text) refers to board.o(.text) for rt_hw_board_init
    components.o(.text) refers to timer.o(.text) for rt_system_timer_init
    components.o(.text) refers to scheduler.o(.text) for rt_system_scheduler_init
    components.o(.text) refers to signal.o(.text) for rt_system_signal_init
    components.o(.text) refers to idle.o(.text) for rt_thread_idle_init
    components.o(.text) refers to components.o(.rti_fn.0.end) for __rt_init_rti_board_start
    components.o(.text) refers to components.o(.rti_fn.1.end) for __rt_init_rti_board_end
    components.o(.text) refers to components.o(.rti_fn.6.end) for __rt_init_rti_end
    components.o(.text) refers to components.o(.constdata) for __FUNCTION__
    components.o(.rti_fn.0) refers to components.o(.text) for rti_start
    components.o(.rti_fn.0.end) refers to components.o(.text) for rti_board_start
    components.o(.rti_fn.1.end) refers to components.o(.text) for rti_board_end
    components.o(.rti_fn.6.end) refers to components.o(.text) for rti_end
    device.o(.text) refers to thread.o(.text) for rt_thread_self
    device.o(.text) refers to scheduler.o(.text) for rt_enter_critical
    device.o(.text) refers to object.o(.text) for rt_object_get_information
    device.o(.text) refers to kservice.o(.text) for rt_assert_handler
    device.o(.text) refers to mem.o(.text) for rt_malloc
    device.o(.text) refers to device.o(.constdata) for __FUNCTION__
    idle.o(.text) refers to context_rvds.o(.text) for rt_hw_interrupt_disable
    idle.o(.text) refers to irq.o(.text) for rt_interrupt_get_nest
    idle.o(.text) refers to kservice.o(.text) for rt_kprintf
    idle.o(.text) refers to scheduler.o(.text) for rt_enter_critical
    idle.o(.text) refers to signal.o(.text) for rt_thread_free_sig
    idle.o(.text) refers to object.o(.text) for rt_object_is_systemobject
    idle.o(.text) refers to mem.o(.text) for rt_free
    idle.o(.text) refers to thread.o(.text) for rt_thread_init
    idle.o(.text) refers to idle.o(.bss) for idle_hook_list
    idle.o(.text) refers to idle.o(.constdata) for __FUNCTION__
    idle.o(.text) refers to scheduler.o(.data) for rt_thread_defunct
    ipc.o(.text) refers to thread.o(.text) for rt_thread_suspend
    ipc.o(.text) refers to context_rvds.o(.text) for rt_hw_interrupt_disable
    ipc.o(.text) refers to kservice.o(.text) for rt_assert_handler
    ipc.o(.text) refers to object.o(.text) for rt_object_init
    ipc.o(.text) refers to irq.o(.text) for rt_interrupt_get_nest
    ipc.o(.text) refers to timer.o(.text) for rt_timer_control
    ipc.o(.text) refers to scheduler.o(.text) for rt_schedule
    ipc.o(.text) refers to ipc.o(.constdata) for __FUNCTION__
    ipc.o(.text) refers to ipc.o(.conststring) for .conststring
    ipc.o(.text) refers to object.o(.data) for rt_object_trytake_hook
    ipc.o(.text) refers to mem.o(.text) for rt_malloc
    ipc.o(.text) refers to clock.o(.text) for rt_tick_get
    irq.o(.text) refers to context_rvds.o(.text) for rt_hw_interrupt_disable
    irq.o(.text) refers to irq.o(.data) for rt_interrupt_enter_hook
    kservice.o(.text) refers to irq.o(.text) for rt_interrupt_get_nest
    kservice.o(.text) refers to thread.o(.text) for rt_thread_self
    kservice.o(.text) refers to mem.o(.text) for rt_malloc
    kservice.o(.text) refers to kservice.o(.data) for __rt_errno
    kservice.o(.text) refers to kservice.o(.constdata) for large_digits
    kservice.o(.text) refers to device.o(.text) for rt_device_write
    kservice.o(.text) refers to kservice.o(.bss) for rt_log_buf
    mem.o(.text) refers to kservice.o(.text) for rt_assert_handler
    mem.o(.text) refers to context_rvds.o(.text) for rt_hw_interrupt_disable
    mem.o(.text) refers to irq.o(.text) for rt_interrupt_get_nest
    mem.o(.text) refers to ipc.o(.text) for rt_sem_init
    mem.o(.text) refers to mem.o(.data) for rt_malloc_hook
    mem.o(.text) refers to mem.o(.constdata) for __FUNCTION__
    mem.o(.text) refers to mem.o(.bss) for heap_sem
    mem.o(.text) refers to mem.o(.conststring) for .conststring
    mem.o(FSymTab) refers to mem.o(.rodata.name) for __fsym_list_mem_name
    mem.o(FSymTab) refers to mem.o(.text) for list_mem
    memheap.o(.text) refers to kservice.o(.text) for rt_assert_handler
[...]
    ipaddr_addr                              0x08032f5d   Thumb Code    24  ip_addr.o(.text)
    ipaddr_ntoa_r                            0x08032f75   Thumb Code   168  ip_addr.o(.text)
    ipaddr_ntoa                              0x0803301d   Thumb Code    16  ip_addr.o(.text)
    etharp_tmr                               0x0803311d   Thumb Code   138  etharp.o(.text)
    etharp_cleanup_netif                     0x080335fd   Thumb Code    52  etharp.o(.text)
    etharp_find_addr                         0x08033631   Thumb Code   108  etharp.o(.text)
    etharp_request                           0x080338e1   Thumb Code    36  etharp.o(.text)
    etharp_query                             0x08033a3f   Thumb Code   504  etharp.o(.text)
    etharp_output                            0x08033c37   Thumb Code   390  etharp.o(.text)
    ethernet_input                           0x08033dbd   Thumb Code   298  etharp.o(.text)
    ethernetif_input                         0x08033f6f   Thumb Code    52  ethernetif.o(.text)
    ethernetif_init                          0x08033fa3   Thumb Code    58  ethernetif.o(.text)
    lwip_dm9000_input_task                   0x08034031   Thumb Code    12  lwip_comm.o(.text)
    lwip_comm_default_ip_set                 0x0803403d   Thumb Code   102  lwip_comm.o(.text)
    lwip_dhcp_task                           0x080340a3   Thumb Code   430  lwip_comm.o(.text)
    lwip_comm_dhcp_creat                     0x08034251   Thumb Code    62  lwip_comm.o(.text)
    lwip_comm_init                           0x0803428f   Thumb Code   212  lwip_comm.o(.text)
    lwip_comm_dhcp_delete                    0x08034363   Thumb Code    16  lwip_comm.o(.text)
    fs_open                                  0x080346c3   Thumb Code    70  fs.o(.text)
    fs_close                                 0x08034709   Thumb Code    12  fs.o(.text)
    fs_read                                  0x08034715   Thumb Code    62  fs.o(.text)
    fs_bytes_left                            0x08034753   Thumb Code    10  fs.o(.text)
    httpd_init                               0x080356dd   Thumb Code    18  httpd.o(.text)
    http_set_ssi_handler                     0x080356ef   Thumb Code   102  httpd.o(.text)
    http_set_cgi_handlers                    0x08035755   Thumb Code    70  httpd.o(.text)
    Temperate_Handler                        0x08035919   Thumb Code    46  httpd_cgi_ssi.o(.text)
    RTCTime_Handler                          0x08035947   Thumb Code    92  httpd_cgi_ssi.o(.text)
    RTCdate_Handler                          0x080359a3   Thumb Code   140  httpd_cgi_ssi.o(.text)
    Humidity_Handler                         0x08035a2f   Thumb Code    46  httpd_cgi_ssi.o(.text)
    Fire_Handler                             0x08035a5d   Thumb Code   148  httpd_cgi_ssi.o(.text)
    MQ_Handler                               0x08035af1   Thumb Code   148  httpd_cgi_ssi.o(.text)
    Light_sensor_Handler                     0x08035b85   Thumb Code   142  httpd_cgi_ssi.o(.text)
    LEDS_CGI_Handler                         0x08035c6f   Thumb Code   968  httpd_cgi_ssi.o(.text)
    BEEP_CGI_Handler                         0x08036037   Thumb Code  1210  httpd_cgi_ssi.o(.text)
    MODE_CGI_Handler                         0x080364f1   Thumb Code   806  httpd_cgi_ssi.o(.text)
    httpd_ssi_init                           0x08036817   Thumb Code    14  httpd_cgi_ssi.o(.text)
    httpd_cgi_init                           0x08036825   Thumb Code    12  httpd_cgi_ssi.o(.text)
    __aeabi_llsr                             0x08036849   Thumb Code    32  llushr.o(.text)
    _ll_ushift_r                             0x08036849   Thumb Code     0  llushr.o(.text)
    rand                                     0x08036869   Thumb Code    20  rand.o(.text)
    srand                                    0x0803687d   Thumb Code     6  rand.o(.text)
    __aeabi_memcpy                           0x0803688d   Thumb Code    36  memcpya.o(.text)
    __aeabi_memcpy4                          0x0803688d   Thumb Code     0  memcpya.o(.text)
    __aeabi_memcpy8                          0x0803688d   Thumb Code     0  memcpya.o(.text)
    __aeabi_memset                           0x080368b1   Thumb Code    14  memseta.o(.text)
    __aeabi_memset4                          0x080368b1   Thumb Code     0  memseta.o(.text)
    __aeabi_memset8                          0x080368b1   Thumb Code     0  memseta.o(.text)
    __aeabi_memclr                           0x080368bf   Thumb Code     4  memseta.o(.text)
    __aeabi_memclr4                          0x080368bf   Thumb Code     0  memseta.o(.text)
    __aeabi_memclr8                          0x080368bf   Thumb Code     0  memseta.o(.text)
    _memset$wrapper                          0x080368c3   Thumb Code    18  memseta.o(.text)
    strcat                                   0x080368d5   Thumb Code    24  strcat.o(.text)
    strstr                                   0x080368ed   Thumb Code    36  strstr.o(.text)
    strncpy                                  0x08036911   Thumb Code    24  strncpy.o(.text)
    strchr                                   0x08036929   Thumb Code    20  strchr.o(.text)
    strlen                                   0x0803693d   Thumb Code    14  strlen.o(.text)
    strcmp                                   0x0803694b   Thumb Code    28  strcmp.o(.text)
    memcmp                                   0x08036967   Thumb Code    26  memcmp.o(.text)
    strcpy                                   0x08036981   Thumb Code    18  strcpy.o(.text)
    strncmp                                  0x08036993   Thumb Code    30  strncmp.o(.text)
    atoi                                     0x080369b1   Thumb Code    26  atoi.o(.text)
    __aeabi_fadd                             0x080369cb   Thumb Code   164  fadd.o(.text)
    __aeabi_fsub                             0x08036a6f   Thumb Code     6  fadd.o(.text)
    __aeabi_frsub                            0x08036a75   Thumb Code     6  fadd.o(.text)
    __aeabi_fmul                             0x08036a7b   Thumb Code   100  fmul.o(.text)
    __aeabi_fdiv                             0x08036adf   Thumb Code   124  fdiv.o(.text)
    __aeabi_dadd                             0x08036b5b   Thumb Code   322  dadd.o(.text)
    __aeabi_dsub                             0x08036c9d   Thumb Code     6  dadd.o(.text)
    __aeabi_drsub                            0x08036ca3   Thumb Code     6  dadd.o(.text)
    __aeabi_dmul                             0x08036ca9   Thumb Code   228  dmul.o(.text)
    __aeabi_i2f                              0x08036d8d   Thumb Code    18  fflti.o(.text)
    __aeabi_ui2f                             0x08036d9f   Thumb Code    10  ffltui.o(.text)
    __aeabi_i2d                              0x08036da9   Thumb Code    34  dflti.o(.text)
    __aeabi_ui2d                             0x08036dcb   Thumb Code    26  dfltui.o(.text)
    __aeabi_f2iz                             0x08036de5   Thumb Code    50  ffixi.o(.text)
    __aeabi_f2uiz                            0x08036e17   Thumb Code    40  ffixui.o(.text)
    __aeabi_d2iz                             0x08036e3f   Thumb Code    62  dfixi.o(.text)
    __aeabi_d2uiz                            0x08036e7d   Thumb Code    50  dfixui.o(.text)
    __aeabi_f2d                              0x08036eaf   Thumb Code    38  f2d.o(.text)
    __aeabi_cdcmpeq                          0x08036ed5   Thumb Code     0  cdcmple.o(.text)
    __aeabi_cdcmple                          0x08036ed5   Thumb Code    48  cdcmple.o(.text)
    __aeabi_cdrcmple                         0x08036f05   Thumb Code    48  cdrcmple.o(.text)
    __aeabi_d2f                              0x08036f35   Thumb Code    56  d2f.o(.text)
    __aeabi_cfcmpeq                          0x08036f6d   Thumb Code     0  cfcmple.o(.text)
    __aeabi_cfcmple                          0x08036f6d   Thumb Code    20  cfcmple.o(.text)
    __aeabi_uidiv                            0x08036f81   Thumb Code     0  uidiv.o(.text)
    __aeabi_uidivmod                         0x08036f81   Thumb Code    44  uidiv.o(.text)
    __aeabi_uldivmod                         0x08036fad   Thumb Code    98  uldiv.o(.text)
    __aeabi_llsl                             0x0803700f   Thumb Code    30  llshl.o(.text)
    _ll_shift_l                              0x0803700f   Thumb Code     0  llshl.o(.text)
    __aeabi_lasr                             0x0803702d   Thumb Code    36  llsshr.o(.text)
    _ll_sshift_r                             0x0803702d   Thumb Code     0  llsshr.o(.text)
    strtol                                   0x08037051   Thumb Code   112  strtol.o(.text)
    __I$use$fp                               0x080370c1   Thumb Code     0  iusefp.o(.text)
    _float_round                             0x080370c1   Thumb Code    18  fepilogue.o(.text)
    _float_epilogue                          0x080370d3   Thumb Code    92  fepilogue.o(.text)
    _double_round                            0x0803712f   Thumb Code    30  depilogue.o(.text)
    _double_epilogue                         0x0803714d   Thumb Code   156  depilogue.o(.text)
    __aeabi_ddiv                             0x080371e9   Thumb Code   222  ddiv.o(.text)
    _dsqrt                                   0x080372c7   Thumb Code   162  dsqrt.o(.text)
    __aeabi_d2ulz                            0x08037369   Thumb Code    48  dfixul.o(.text)
    __scatterload                            0x08037399   Thumb Code    28  init.o(.text)
    __scatterload_rt2                        0x08037399   Thumb Code     0  init.o(.text)
    __rt_ctype_table                         0x080373bd   Thumb Code     4  ctype_o.o(.text)
    _strtoul                                 0x080373c5   Thumb Code   158  _strtoul.o(.text)
    _chval                                   0x08037463   Thumb Code    28  _chval.o(.text)
    __decompress                             0x0803747f   Thumb Code     0  __dczerorl2.o(.text)
    __decompress1                            0x0803747f   Thumb Code    86  __dczerorl2.o(.text)
    __0printf                                0x080374d5   Thumb Code    22  printfa.o(i.__0printf)
    __1printf                                0x080374d5   Thumb Code     0  printfa.o(i.__0printf)
    __2printf                                0x080374d5   Thumb Code     0  printfa.o(i.__0printf)
    __c89printf                              0x080374d5   Thumb Code     0  printfa.o(i.__0printf)
    printf                                   0x080374d5   Thumb Code     0  printfa.o(i.__0printf)
    __0sprintf                               0x080374f5   Thumb Code    34  printfa.o(i.__0sprintf)
    __1sprintf                               0x080374f5   Thumb Code     0  printfa.o(i.__0sprintf)
    __2sprintf                               0x080374f5   Thumb Code     0  printfa.o(i.__0sprintf)
    __c89sprintf                             0x080374f5   Thumb Code     0  printfa.o(i.__0sprintf)
    sprintf                                  0x080374f5   Thumb Code     0  printfa.o(i.__0sprintf)
    __aeabi_errno_addr                       0x0803751d   Thumb Code     4  errno.o(i.__aeabi_errno_addr)
    __rt_errno_addr                          0x0803751d   Thumb Code     0  errno.o(i.__aeabi_errno_addr)
    __scatterload_copy                       0x08037525   Thumb Code    14  handlers.o(i.__scatterload_copy)
    __scatterload_null                       0x08037533   Thumb Code     2  handlers.o(i.__scatterload_null)
    __scatterload_zeroinit                   0x08037535   Thumb Code    14  handlers.o(i.__scatterload_zeroinit)
    __set_errno                              0x08037545   Thumb Code     6  errno.o(i.__set_errno)
    sqrt                                     0x08037e0d   Thumb Code    76  sqrt.o(i.sqrt)
    __lowest_bit_bitmap                      0x08038142   Data         256  kservice.o(.constdata)
    TX_ADDRESS                               0x08038526   Data           5  24l01.o(.constdata)
    RX_ADDRESS                               0x0803852b   Data           5  24l01.o(.constdata)
    FT5206_TPX_TBL                           0x08038530   Data          10  ft5206.o(.constdata)
    GT9147_CFG_TBL                           0x0803853a   Data         184  gt9147.o(.constdata)
    GT9147_TPX_TBL                           0x080385f2   Data          10  gt9147.o(.constdata)
    asc2_1206                                0x080385fc   Data        1140  lcd.o(.constdata)
    asc2_1608                                0x08038a70   Data        1520  lcd.o(.constdata)
    asc2_2412                                0x08039060   Data        3420  lcd.o(.constdata)
    asc2_3216                                0x08039dbc   Data       12160  lcd.o(.constdata)
    OTT_TPX_TBL                              0x0803cd3c   Data          10  ott2001a.o(.constdata)
    table_week                               0x0803cd46   Data          12  rtc.o(.constdata)
    mon_table                                0x0803cd52   Data          12  rtc.o(.constdata)
    TP_REMIND_MSG_TBL                        0x0803cd60   Data           4  touch.o(.constdata)
    AHBPrescTable                            0x0803cf50   Data          16  system_stm32f1xx.o(.constdata)
    APBPrescTable                            0x0803cf60   Data           8  system_stm32f1xx.o(.constdata)
    op_table                                 0x0803d1cc   Data         196  finsh_ops.o(.constdata)
    __stdin_name                             0x0803d2d0   Data           6  stubs.o(.constdata)
    __stdout_name                            0x0803d2d6   Data           7  stubs.o(.constdata)
    __stderr_name                            0x0803d2dd   Data           7  stubs.o(.constdata)
    tcp_state_str                            0x0803d41c   Data          44  tcp.o(.constdata)
    tcp_backoff                              0x0803d448   Data          13  tcp.o(.constdata)
    tcp_persist_backoff                      0x0803d455   Data           7  tcp.o(.constdata)
    tcp_pcb_lists                            0x0803d45c   Data          16  tcp.o(.constdata)
    ip_addr_any                              0x0803d46c   Data           4  ip_addr.o(.constdata)
    ip_addr_broadcast                        0x0803d470   Data           4  ip_addr.o(.constdata)
    ethbroadcast                             0x0803d474   Data           6  etharp.o(.constdata)
    ethzero                                  0x0803d47a   Data           6  etharp.o(.constdata)
    file__image_tab_jpg                      0x080505bc   Data          20  fs.o(.constdata)
    file__404_html                           0x080505d0   Data          20  fs.o(.constdata)
    file__alloff_shtml                       0x080505e4   Data          20  fs.o(.constdata)
    file__allon_shtml                        0x080505f8   Data          20  fs.o(.constdata)
    file__bedroomon_shtml                    0x0805060c   Data          20  fs.o(.constdata)
    file__bedroomon_corridoron_shtml         0x08050620   Data          20  fs.o(.constdata)
    file__beepon_shtml                       0x08050634   Data          20  fs.o(.constdata)
    file__beepon_Bedroomon_shtml             0x08050648   Data          20  fs.o(.constdata)
    file__beepon_bedroomon_corridoron_shtml  0x0805065c   Data          20  fs.o(.constdata)
    file__beepon_corridoron_shtml            0x08050670   Data          20  fs.o(.constdata)
    file__corridoron_shtml                   0x08050684   Data          20  fs.o(.constdata)
    file__index_html                         0x08050698   Data          20  fs.o(.constdata)
    file__modehome_shtml                     0x080506ac   Data          20  fs.o(.constdata)
    file__modehome_bedroomon_shtml           0x080506c0   Data          20  fs.o(.constdata)
    file__modehome_bedroomon_corridoron_shtml 0x080506d4   Data          20  fs.o(.constdata)
    file__modehome_beepon_shtml              0x080506e8   Data          20  fs.o(.constdata)
    file__modehome_beepon_bedroomon_shtml    0x080506fc   Data          20  fs.o(.constdata)
    file__modehome_beepon_corridoron_shtml   0x08050710   Data          20  fs.o(.constdata)
    file__modehome_corridoron_shtml          0x08050724   Data          20  fs.o(.constdata)
    file__STM32F103_ADC_sensor_status_shtml  0x08050738   Data          20  fs.o(.constdata)
    file__STM32F103_RTC_shtml                0x0805074c   Data          20  fs.o(.constdata)
    g_psDefaultFilenames                     0x08050760   Data          40  httpd.o(.constdata)
    g_pcTagLeadIn                            0x08050788   Data           4  httpd.o(.constdata)
    g_pcTagLeadOut                           0x0805078c   Data           4  httpd.o(.constdata)
    __ctype_table                            0x080507a8   Data         129  ctype_o.o(.constdata)
    __fsym_list_mem_name                     0x080510ea   Data           9  mem.o(.rodata.name)
    __fsym_list_mem_desc                     0x080510f3   Data          30  mem.o(.rodata.name)
    __fsym_pinMode_name                      0x08051111   Data           8  pin.o(.rodata.name)
    __fsym_pinMode_desc                      0x08051119   Data          22  pin.o(.rodata.name)
    __fsym_pinWrite_name                     0x0805112f   Data           9  pin.o(.rodata.name)
    __fsym_pinWrite_desc                     0x08051138   Data          28  pin.o(.rodata.name)
    __fsym_pinRead_name                      0x08051154   Data           8  pin.o(.rodata.name)
    __fsym_pinRead_desc                      0x0805115c   Data          30  pin.o(.rodata.name)
    __fsym_hello_name                        0x0805117a   Data           6  cmd.o(.rodata.name)
    __fsym_hello_desc                        0x08051180   Data          16  cmd.o(.rodata.name)
    __fsym_version_name                      0x08051190   Data           8  cmd.o(.rodata.name)
    __fsym_version_desc                      0x08051198   Data          35  cmd.o(.rodata.name)
    __fsym___cmd_version_name                0x080511bb   Data          14  cmd.o(.rodata.name)
    __fsym___cmd_version_desc                0x080511c9   Data          35  cmd.o(.rodata.name)
    __fsym_list_thread_name                  0x080511ec   Data          12  cmd.o(.rodata.name)
    __fsym_list_thread_desc                  0x080511f8   Data          12  cmd.o(.rodata.name)
    __fsym___cmd_list_thread_name            0x08051204   Data          18  cmd.o(.rodata.name)
    __fsym___cmd_list_thread_desc            0x08051216   Data          12  cmd.o(.rodata.name)
    __fsym_list_sem_name                     0x08051222   Data           9  cmd.o(.rodata.name)
    __fsym_list_sem_desc                     0x0805122b   Data          25  cmd.o(.rodata.name)
    __fsym___cmd_list_sem_name               0x08051244   Data          15  cmd.o(.rodata.name)
    __fsym___cmd_list_sem_desc               0x08051253   Data          25  cmd.o(.rodata.name)
    __fsym_list_event_name                   0x0805126c   Data          11  cmd.o(.rodata.name)
    __fsym_list_event_desc                   0x08051277   Data          21  cmd.o(.rodata.name)
    __fsym___cmd_list_event_name             0x0805128c   Data          17  cmd.o(.rodata.name)
    __fsym___cmd_list_event_desc             0x0805129d   Data          21  cmd.o(.rodata.name)
    __fsym_list_mutex_name                   0x080512b2   Data          11  cmd.o(.rodata.name)
    __fsym_list_mutex_desc                   0x080512bd   Data          21  cmd.o(.rodata.name)
    __fsym___cmd_list_mutex_name             0x080512d2   Data          17  cmd.o(.rodata.name)
    __fsym___cmd_list_mutex_desc             0x080512e3   Data          21  cmd.o(.rodata.name)
    __fsym_list_mailbox_name                 0x080512f8   Data          13  cmd.o(.rodata.name)
    __fsym_list_mailbox_desc                 0x08051305   Data          24  cmd.o(.rodata.name)
    __fsym___cmd_list_mailbox_name           0x0805131d   Data          19  cmd.o(.rodata.name)
    __fsym___cmd_list_mailbox_desc           0x08051330   Data          24  cmd.o(.rodata.name)
    __fsym_list_msgqueue_name                0x08051348   Data          14  cmd.o(.rodata.name)
    __fsym_list_msgqueue_desc                0x08051356   Data          29  cmd.o(.rodata.name)
    __fsym___cmd_list_msgqueue_name          0x08051373   Data          20  cmd.o(.rodata.name)
    __fsym___cmd_list_msgqueue_desc          0x08051387   Data          29  cmd.o(.rodata.name)
    __fsym_list_memheap_name                 0x080513a4   Data          13  cmd.o(.rodata.name)
    __fsym_list_memheap_desc                 0x080513b1   Data          27  cmd.o(.rodata.name)
    __fsym___cmd_list_memheap_name           0x080513cc   Data          19  cmd.o(.rodata.name)
    __fsym___cmd_list_memheap_desc           0x080513df   Data          27  cmd.o(.rodata.name)
    __fsym_list_mempool_name                 0x080513fa   Data          13  cmd.o(.rodata.name)
    __fsym_list_mempool_desc                 0x08051407   Data          27  cmd.o(.rodata.name)
    __fsym___cmd_list_mempool_name           0x08051422   Data          19  cmd.o(.rodata.name)
    __fsym___cmd_list_mempool_desc           0x08051435   Data          27  cmd.o(.rodata.name)
    __fsym_list_timer_name                   0x08051450   Data          11  cmd.o(.rodata.name)
    __fsym_list_timer_desc                   0x0805145b   Data          21  cmd.o(.rodata.name)
    __fsym___cmd_list_timer_name             0x08051470   Data          17  cmd.o(.rodata.name)
    __fsym___cmd_list_timer_desc             0x08051481   Data          21  cmd.o(.rodata.name)
    __fsym_list_device_name                  0x08051496   Data          12  cmd.o(.rodata.name)
    __fsym_list_device_desc                  0x080514a2   Data          22  cmd.o(.rodata.name)
    __fsym___cmd_list_device_name            0x080514b8   Data          18  cmd.o(.rodata.name)
    __fsym___cmd_list_device_desc            0x080514ca   Data          22  cmd.o(.rodata.name)
    __fsym_list_name                         0x080514e0   Data           5  cmd.o(.rodata.name)
    __fsym_list_desc                         0x080514e5   Data          26  cmd.o(.rodata.name)
    __vsym_dummy_name                        0x080514ff   Data           6  cmd.o(.rodata.name)
    __vsym_dummy_desc                        0x08051505   Data          25  cmd.o(.rodata.name)
    __fsym___cmd_exit_name                   0x0805151e   Data          11  msh.o(.rodata.name)
    __fsym___cmd_exit_desc                   0x08051529   Data          32  msh.o(.rodata.name)
    __fsym_msh_name                          0x08051549   Data           4  msh.o(.rodata.name)
    __fsym_msh_desc                          0x0805154d   Data          17  msh.o(.rodata.name)
    __fsym___cmd_help_name                   0x0805155e   Data          11  msh.o(.rodata.name)
    __fsym___cmd_help_desc                   0x08051569   Data          22  msh.o(.rodata.name)
    __fsym___cmd_ifconfig_name               0x0805157f   Data          15  msh_cmd.o(.rodata.name)
    __fsym___cmd_ifconfig_desc               0x0805158e   Data          43  msh_cmd.o(.rodata.name)
    __fsym___cmd_dns_name                    0x080515b9   Data          10  msh_cmd.o(.rodata.name)
    __fsym___cmd_dns_desc                    0x080515c3   Data          28  msh_cmd.o(.rodata.name)
    __fsym___cmd_netstat_name                0x080515df   Data          14  msh_cmd.o(.rodata.name)
    __fsym___cmd_netstat_desc                0x080515ed   Data          33  msh_cmd.o(.rodata.name)
    __fsym___cmd_ps_name                     0x0805160e   Data           9  msh_cmd.o(.rodata.name)
    __fsym___cmd_ps_desc                     0x08051617   Data          28  msh_cmd.o(.rodata.name)
    __fsym___cmd_time_name                   0x08051633   Data          11  msh_cmd.o(.rodata.name)
    __fsym___cmd_time_desc                   0x0805163e   Data          27  msh_cmd.o(.rodata.name)
    __fsym___cmd_free_name                   0x08051659   Data          11  msh_cmd.o(.rodata.name)
    __fsym___cmd_free_desc                   0x08051664   Data          37  msh_cmd.o(.rodata.name)
    __rt_init_rti_start                      0x0805168c   Data           4  components.o(.rti_fn.0)
    __rt_init_rti_board_start                0x08051690   Data           4  components.o(.rti_fn.0.end)
    __rt_init_rt_hw_pin_init                 0x08051694   Data           4  drv_gpio.o(.rti_fn.1)
    __rt_init_rt_hw_usart_init               0x08051698   Data           4  drv_usart.o(.rti_fn.1)
    __rt_init_rti_board_end                  0x0805169c   Data           4  components.o(.rti_fn.1.end)
    __rt_init_libc_system_init               0x080516a0   Data           4  libc.o(.rti_fn.4)
    __rt_init_finsh_system_init              0x080516a4   Data           4  shell.o(.rti_fn.6)
    __rt_init_rti_end                        0x080516a8   Data           4  components.o(.rti_fn.6.end)
    FSymTab$$Base                            0x080516ac   Number         0  mem.o(FSymTab)
    __fsym_list_mem                          0x080516ac   Data          12  mem.o(FSymTab)
    __fsym_pinMode                           0x080516b8   Data          12  pin.o(FSymTab)
    __fsym_pinWrite                          0x080516c4   Data          12  pin.o(FSymTab)
    __fsym_pinRead                           0x080516d0   Data          12  pin.o(FSymTab)
    __fsym_hello                             0x080516dc   Data          12  cmd.o(FSymTab)
    __fsym_version                           0x080516e8   Data          12  cmd.o(FSymTab)
    __fsym___cmd_version                     0x080516f4   Data          12  cmd.o(FSymTab)
    __fsym_list_thread                       0x08051700   Data          12  cmd.o(FSymTab)
    __fsym___cmd_list_thread                 0x0805170c   Data          12  cmd.o(FSymTab)
    __fsym_list_sem                          0x08051718   Data          12  cmd.o(FSymTab)
    __fsym___cmd_list_sem                    0x08051724   Data          12  cmd.o(FSymTab)
    __fsym_list_event                        0x08051730   Data          12  cmd.o(FSymTab)
    __fsym___cmd_list_event                  0x0805173c   Data          12  cmd.o(FSymTab)
    __fsym_list_mutex                        0x08051748   Data          12  cmd.o(FSymTab)
    __fsym___cmd_list_mutex                  0x08051754   Data          12  cmd.o(FSymTab)
    __fsym_list_mailbox                      0x08051760   Data          12  cmd.o(FSymTab)
    __fsym___cmd_list_mailbox                0x0805176c   Data          12  cmd.o(FSymTab)
    __fsym_list_msgqueue                     0x08051778   Data          12  cmd.o(FSymTab)
    __fsym___cmd_list_msgqueue               0x08051784   Data          12  cmd.o(FSymTab)
    __fsym_list_memheap                      0x08051790   Data          12  cmd.o(FSymTab)
    __fsym___cmd_list_memheap                0x0805179c   Data          12  cmd.o(FSymTab)
    __fsym_list_mempool                      0x080517a8   Data          12  cmd.o(FSymTab)
    __fsym___cmd_list_mempool                0x080517b4   Data          12  cmd.o(FSymTab)
    __fsym_list_timer                        0x080517c0   Data          12  cmd.o(FSymTab)
    __fsym___cmd_list_timer                  0x080517cc   Data          12  cmd.o(FSymTab)
    __fsym_list_device                       0x080517d8   Data          12  cmd.o(FSymTab)
    __fsym___cmd_list_device                 0x080517e4   Data          12  cmd.o(FSymTab)
    __fsym_list                              0x080517f0   Data          12  cmd.o(FSymTab)
    __fsym___cmd_exit                        0x080517fc   Data          12  msh.o(FSymTab)
    __fsym_msh                               0x08051808   Data          12  msh.o(FSymTab)
    __fsym___cmd_help                        0x08051814   Data          12  msh.o(FSymTab)
    __fsym___cmd_ifconfig                    0x08051820   Data          12  msh_cmd.o(FSymTab)
    __fsym___cmd_dns                         0x0805182c   Data          12  msh_cmd.o(FSymTab)
    __fsym___cmd_netstat                     0x08051838   Data          12  msh_cmd.o(FSymTab)
    __fsym___cmd_ps                          0x08051844   Data          12  msh_cmd.o(FSymTab)
    __fsym___cmd_time                        0x08051850   Data          12  msh_cmd.o(FSymTab)
    __fsym___cmd_free                        0x0805185c   Data          12  msh_cmd.o(FSymTab)
    FSymTab$$Limit                           0x08051868   Number         0  msh_cmd.o(FSymTab)
    Region$$Table$$Base                      0x08051868   Number         0  anon$$obj.o(Region$$Table)
    Region$$Table$$Limit                     0x08051888   Number         0  anon$$obj.o(Region$$Table)
    VSymTab$$Base                            0x08051888   Number         0  cmd.o(VSymTab)
    __vsym_dummy                             0x08051888   Data          16  cmd.o(VSymTab)
    VSymTab$$Limit                           0x08051898   Number         0  cmd.o(VSymTab)
    rt_interrupt_nest                        0x2000000c   Data           1  irq.o(.data)
    rt_assert_hook                           0x20000018   Data           4  kservice.o(.data)
    rt_object_trytake_hook                   0x200000ec   Data           4  object.o(.data)
    rt_object_take_hook                      0x200000f0   Data           4  object.o(.data)
    rt_object_put_hook                       0x200000f4   Data           4  object.o(.data)
    rt_current_thread                        0x200000fc   Data           4  scheduler.o(.data)
    rt_current_priority                      0x20000100   Data           1  scheduler.o(.data)
    rt_thread_ready_priority_group           0x20000104   Data           4  scheduler.o(.data)
    rt_thread_defunct                        0x20000108   Data           8  scheduler.o(.data)
    rt_interrupt_from_thread                 0x20000140   Data           4  cpuport.o(.data)
    rt_interrupt_to_thread                   0x20000144   Data           4  cpuport.o(.data)
    rt_thread_switch_interrupt_flag          0x20000148   Data           4  cpuport.o(.data)
    cmd_1A                                   0x20000150   Data           1  bsp_gsm.o(.data)
    POINT_COLOR                              0x20000168   Data           4  lcd.o(.data)
    BACK_COLOR                               0x2000016c   Data           4  lcd.o(.data)
    sys_status                               0x20000170   Data           1  main.o(.data)
    curtain_status                           0x20000171   Data           1  main.o(.data)
    temp                                     0x20000172   Data           1  main.o(.data)
    humi                                     0x20000173   Data           1  main.o(.data)
    len                                      0x20000174   Data           1  main.o(.data)
    temp_buffer                              0x20000175   Data           1  main.o(.data)
    humi_buffer                              0x20000176   Data           1  main.o(.data)
    MQ_buffer                                0x20000177   Data           1  main.o(.data)
    HZ_buffer                                0x20000178   Data           1  main.o(.data)
    mq                                       0x2000017c   Data           4  main.o(.data)
    LS1_VAL                                  0x20000180   Data           4  main.o(.data)
    hz                                       0x20000184   Data           4  main.o(.data)
    delta_mq                                 0x20000188   Data           4  main.o(.data)
    val                                      0x2000018c   Data           4  main.o(.data)
    color_flag                               0x20000190   Data           1  main.o(.data)
    mq_sem                                   0x20000194   Data           4  main.o(.data)
    GSM_sem_read                             0x20000198   Data           4  main.o(.data)
    RmtSta                                   0x200001a8   Data           1  remote.o(.data)
    Dval                                     0x200001aa   Data           2  remote.o(.data)
    RmtRec                                   0x200001ac   Data           4  remote.o(.data)
    RmtCnt                                   0x200001b0   Data           1  remote.o(.data)
    current_time                             0x200001b2   Data           8  rtc.o(.data)
    Set_time                                 0x200001ba   Data           8  rtc.o(.data)
    tp_dev                                   0x200001dc   Data          52  touch.o(.data)
    CMD_RDX                                  0x20000210   Data           1  touch.o(.data)
    CMD_RDY                                  0x20000211   Data           1  touch.o(.data)
    USART_RX_STA                             0x20000212   Data           2  usart.o(.data)
    USART_RX2_STA                            0x20000214   Data           2  usart.o(.data)
    aRxBuffer                                0x20000216   Data           1  usart.o(.data)
    aRx2Buffer                               0x20000217   Data           1  usart.o(.data)
    pin_irq_hdr_tab                          0x20000218   Data         192  drv_gpio.o(.data)
    uart1                                    0x200002d8   Data          68  drv_usart.o(.data)
    SystemCoreClock                          0x2000031c   Data           4  system_stm32f1xx.o(.data)
    uCRCErrorWorkaroundCheck                 0x20000320   Data           1  stm32f1xx_hal_spi_ex.o(.data)
    uwTick                                   0x20000324   Data           4  stm32f1xx_hal.o(.data)
    uwTickPrio                               0x20000328   Data           4  stm32f1xx_hal.o(.data)
    uwTickFreq                               0x2000032c   Data           1  stm32f1xx_hal.o(.data)
    shell                                    0x20000330   Data           4  shell.o(.data)
    _syscall_table_begin                     0x20000338   Data           4  symbol.o(.data)
    _syscall_table_end                       0x2000033c   Data           4  symbol.o(.data)
    _sysvar_table_begin                      0x20000340   Data           4  symbol.o(.data)
    _sysvar_table_end                        0x20000344   Data           4  symbol.o(.data)
    finsh_compile_sp                         0x20000350   Data           4  finsh_compiler.o(.data)
    finsh_compile_pc                         0x20000354   Data           4  finsh_compiler.o(.data)
    global_errno                             0x20000358   Data           1  finsh_error.o(.data)
    global_sysvar_list                       0x200003a0   Data           4  finsh_var.o(.data)
    finsh_sp                                 0x200003a4   Data           4  finsh_vm.o(.data)
    finsh_pc                                 0x200003a8   Data           4  finsh_vm.o(.data)
    global_syscall_list                      0x200003ac   Data           4  finsh_vm.o(.data)
    netif_list                               0x200003e4   Data           4  netif.o(.data)
    netif_default                            0x200003e8   Data           4  netif.o(.data)
    pbuf_free_ooseq_pending                  0x200003ed   Data           1  pbuf.o(.data)
    tcp_ticks                                0x200003f8   Data           4  tcp.o(.data)
    tcp_bound_pcbs                           0x200003fc   Data           4  tcp.o(.data)
    tcp_listen_pcbs                          0x20000400   Data           4  tcp.o(.data)
    tcp_active_pcbs                          0x20000404   Data           4  tcp.o(.data)
    tcp_tw_pcbs                              0x20000408   Data           4  tcp.o(.data)
    tcp_tmp_pcb                              0x2000040c   Data           4  tcp.o(.data)
    tcp_active_pcbs_changed                  0x20000410   Data           1  tcp.o(.data)
    tcp_input_pcb                            0x20000434   Data           4  tcp_in.o(.data)
    udp_pcbs                                 0x20000444   Data           4  udp.o(.data)
    current_netif                            0x20000454   Data           4  ip.o(.data)
    current_header                           0x20000458   Data           4  ip.o(.data)
    current_iphdr_src                        0x2000045c   Data           4  ip.o(.data)
    current_iphdr_dest                       0x20000460   Data           4  ip.o(.data)
    dm9000input                              0x20000468   Data           4  lwip_comm.o(.data)
    dm9000lock                               0x2000046c   Data           4  lwip_comm.o(.data)
    g_pcSSIExtensions                        0x20000470   Data          16  httpd.o(.data)
    g_pfnSSIHandler                          0x20000480   Data           4  httpd.o(.data)
    g_iNumTags                               0x20000484   Data           4  httpd.o(.data)
    g_ppcTags                                0x20000488   Data           4  httpd.o(.data)
    g_pCGIs                                  0x2000048c   Data           4  httpd.o(.data)
    g_iNumCGIs                               0x20000490   Data           4  httpd.o(.data)
    __stdout                                 0x200004b8   Data           4  stdout.o(.data)
    rt_thread_priority_table                 0x20000730   Data         256  scheduler.o(.bss)
    hadc3                                    0x20000ae4   Data          48  bsp_adc.o(.bss)
    hadc1                                    0x20000b14   Data          48  bsp_adc.o(.bss)
    adc1                                     0x20000b44   Data          48  bsp_adc.o(.bss)
    TIM5_Handler                             0x20000b74   Data          64  bsp_timer.o(.bss)
    DM9000_Handler                           0x20000bb4   Data          68  dm9000.o(.bss)
    dm9000cfg                                0x20000bf8   Data          18  dm9000.o(.bss)
    TFTSRAM_Handler                          0x20000c0c   Data          68  lcd.o(.bss)
    lcddev                                   0x20000c50   Data          14  lcd.o(.bss)
    TIM4_Handler                             0x200028b8   Data          64  remote.o(.bss)
    RTC_Handler                              0x200028f8   Data          20  rtc.o(.bss)
    calendar                                 0x2000290c   Data          10  rtc.o(.bss)
    SPI2_Handler                             0x2000292c   Data          88  spi.o(.bss)
    USART_RX_BUF                             0x20002984   Data        1024  usart.o(.bss)
    USART_RX2_BUF                            0x20002d84   Data        1024  usart.o(.bss)
    UART1_Handler                            0x20003184   Data          64  usart.o(.bss)
    UART2_Handler                            0x200031c4   Data          64  usart.o(.bss)
    serial1                                  0x20003204   Data         100  drv_usart.o(.bss)
    finsh_heap                               0x20003340   Data         128  finsh_heap.o(.bss)
    global_node_table                        0x200033c0   Data         320  finsh_node.o(.bss)
    global_variable                          0x20003500   Data         192  finsh_var.o(.bss)
    finsh_vm_stack                           0x200035c0   Data         256  finsh_vm.o(.bss)
    text_segment                             0x200036c0   Data         128  finsh_vm.o(.bss)
    dhcp_rx_options_val                      0x20003800   Data          40  dhcp.o(.bss)
    dhcp_rx_options_given                    0x20003828   Data          10  dhcp.o(.bss)
    lwipdev                                  0x2000b2ec   Data          23  lwip_comm.o(.bss)
    lwip_netif                               0x2000b304   Data          60  lwip_comm.o(.bss)
    fs_memory                                0x2000b340   Data         240  fs.o(.bss)
    Image$$RW_IRAM1$$ZI$$Limit               0x2000bc30   Number         0  anon$$obj.o ABSOLUTE
    __initial_sp                             0x2000bc30   Data           0  startup_stm32f103xe.o(STACK)



==============================================================================

Memory Map of the image

  Image Entry point : 0x08000131

  Load Region LR_IROM1 (Base: 0x08000000, Size: 0x00051d54, Max: 0x00080000, ABSOLUTE, COMPRESSED[0x00051990])

    Execution Region ER_IROM1 (Exec base: 0x08000000, Load base: 0x08000000, Size: 0x00051898, Max: 0x00080000, ABSOLUTE)

    Exec Addr    Load Addr    Size         Type   Attr      Idx    E Section Name        Object

    0x08000000   0x08000000   0x00000130   Data   RO         2713    RESET               startup_stm32f103xe.o
    0x08000130   0x08000130   0x00000000   Code   RO         4315  * .ARM.Collect$$$$00000000  mc_w.l(entry.o)
    0x08000130   0x08000130   0x00000004   Code   RO         4653    .ARM.Collect$$$$00000001  mc_w.l(entry2.o)
    0x08000134   0x08000134   0x00000004   Code   RO         4656    .ARM.Collect$$$$00000004  mc_w.l(entry5.o)
    0x08000138   0x08000138   0x00000000   Code   RO         4658    .ARM.Collect$$$$00000008  mc_w.l(entry7b.o)
    0x08000138   0x08000138   0x00000000   Code   RO         4660    .ARM.Collect$$$$0000000A  mc_w.l(entry8b.o)
    0x08000138   0x08000138   0x00000008   Code   RO         4661    .ARM.Collect$$$$0000000B  mc_w.l(entry9a.o)
    0x08000140   0x08000140   0x00000000   Code   RO         4663    .ARM.Collect$$$$0000000D  mc_w.l(entry10a.o)
    0x08000140   0x08000140   0x00000000   Code   RO         4665    .ARM.Collect$$$$0000000F  mc_w.l(entry11a.o)
    0x08000140   0x08000140   0x00000004   Code   RO         4654    .ARM.Collect$$$$00002712  mc_w.l(entry2.o)
    0x08000144   0x08000144   0x0000006c   Code   RO            1    .text               clock.o
    0x080001b0   0x080001b0   0x000000dc   Code   RO           82    .text               components.o
    0x0800028c   0x0800028c   0x00000548   Code   RO          101    .text               device.o
    0x080007d4   0x080007d4   0x000001d4   Code   RO          114    .text               idle.o
    0x080009a8   0x080009a8   0x00001c1c   Code   RO          133    .text               ipc.o
    0x080025c4   0x080025c4   0x0000007c   Code   RO          151    .text               irq.o
    0x08002640   0x08002640   0x00000ac0   Code   RO          166    .text               kservice.o
    0x08003100   0x08003100   0x000008f4   Code   RO          186    .text               mem.o
    0x080039f4   0x080039f4   0x000004f0   Code   RO          236    .text               mempool.o
    0x08003ee4   0x08003ee4   0x00000374   Code   RO          254    .text               object.o
    0x08004258   0x08004258   0x0000030c   Code   RO          273    .text               scheduler.o
    0x08004564   0x08004564   0x000005c8   Code   RO          294    .text               signal.o
    0x08004b2c   0x08004b2c   0x000007f8   Code   RO          324    .text               thread.o
    0x08005324   0x08005324   0x00000724   Code   RO          344    .text               timer.o
    0x08005a48   0x08005a48   0x000005e0   Code   RO          364    .text               cpuport.o
    0x08006028   0x08006028   0x000000f4   Code   RO          380    .text               context_rvds.o
    0x0800611c   0x0800611c   0x0000017a   Code   RO          422    .text               24cxx.o
    0x08006296   0x08006296   0x00000002   PAD
    0x08006298   0x08006298   0x00000378   Code   RO          475    .text               24l01.o
    0x08006610   0x08006610   0x000000a4   Code   RO          764    .text               beep.o
    0x080066b4   0x080066b4   0x000003b4   Code   RO          788    .text               bsp_adc.o
    0x08006a68   0x08006a68   0x000003e8   Code   RO          815    .text               bsp_ds18b20.o
    0x08006e50   0x08006e50   0x00000c84   Code   RO          842    .text               bsp_gsm.o
    0x08007ad4   0x08007ad4   0x00000394   Code   RO          895    .text               bsp_led.o
    0x08007e68   0x08007e68   0x00000050   Code   RO          920    .text               bsp_rsd.o
    0x08007eb8   0x08007eb8   0x000000e8   Code   RO          944    .text               bsp_timer.o
    0x08007fa0   0x08007fa0   0x00000058   Code   RO          974    .text               bsp_wb.o
    0x08007ff8   0x08007ff8   0x000002b0   Code   RO          998    .text               ctiic.o
    0x080082a8   0x080082a8   0x000000d0   Code   RO         1025    .text               delay.o
    0x08008378   0x08008378   0x000001a8   Code   RO         1051    .text               dht11.o
    0x08008520   0x08008520   0x0000086c   Code   RO         1075    .text               dm9000.o
    0x08008d8c   0x08008d8c   0x00000338   Code   RO         1132    .text               ft5206.o
    0x080090c4   0x080090c4   0x0000044c   Code   RO         1173    .text               gt9147.o
    0x08009510   0x08009510   0x0000386c   Code   RO         1201    .text               lcd.o
    0x0800cd7c   0x0800cd7c   0x0000148c   Code   RO         1266    .text               main.o
    0x0800e208   0x0800e208   0x0000027c   Code   RO         1294    .text               myiic.o
    0x0800e484   0x0800e484   0x0000036c   Code   RO         1318    .text               ott2001a.o
    0x0800e7f0   0x0800e7f0   0x00000106   Code   RO         1353    .text               public.o
    0x0800e8f6   0x0800e8f6   0x00000002   PAD
    0x0800e8f8   0x0800e8f8   0x000002f0   Code   RO         1377    .text               remote.o
    0x0800ebe8   0x0800ebe8   0x00001e7c   Code   RO         1408    .text               rtc.o
    0x08010a64   0x08010a64   0x00000118   Code   RO         1447    .text               spi.o
    0x08010b7c   0x08010b7c   0x00000fb4   Code   RO         1505    .text               touch.o
    0x08011b30   0x08011b30   0x00000274   Code   RO         1541    .text               usart.o
    0x08011da4   0x08011da4   0x00000288   Code   RO         1602    .text               board.o
    0x0801202c   0x0801202c   0x00000010   Code   RO         1628    .text               stm32f1xx_it.o
    0x0801203c   0x0801203c   0x000005e4   Code   RO         1655    .text               drv_gpio.o
    0x08012620   0x08012620   0x000002f8   Code   RO         1684    .text               drv_usart.o
    0x08012918   0x08012918   0x000000f4   Code   RO         1718    .text               system_stm32f1xx.o
    0x08012a0c   0x08012a0c   0x00000d8c   Code   RO         1749    .text               stm32f1xx_hal_adc.o
    0x08013798   0x08013798   0x000009d0   Code   RO         1773    .text               stm32f1xx_hal_adc_ex.o
    0x08014168   0x08014168   0x000004e8   Code   RO         1797    .text               stm32f1xx_hal_gpio.o
    0x08014650   0x08014650   0x00000ee4   Code   RO         1897    .text               stm32f1xx_hal_dma.o
    0x08015534   0x08015534   0x000002c4   Code   RO         1921    .text               stm32f1xx_hal_cortex.o
    0x080157f8   0x080157f8   0x00000208   Code   RO         2027    .text               stm32f1xx_hal_pwr.o
    0x08015a00   0x08015a00   0x0000098c   Code   RO         2051    .text               stm32f1xx_hal_rcc.o
    0x0801638c   0x0801638c   0x000002b4   Code   RO         2075    .text               stm32f1xx_hal_rcc_ex.o
    0x08016640   0x08016640   0x00000ad8   Code   RO         2099    .text               stm32f1xx_hal_rtc.o
    0x08017118   0x08017118   0x000002e8   Code   RO         2123    .text               stm32f1xx_hal_rtc_ex.o
    0x08017400   0x08017400   0x00001bfc   Code   RO         2165    .text               stm32f1xx_hal_spi.o
    0x08018ffc   0x08018ffc   0x000000b8   Code   RO         2189    .text               stm32f1xx_hal_spi_ex.o
    0x080190b4   0x080190b4   0x00002820   Code   RO         2216    .text               stm32f1xx_hal_tim.o
    0x0801b8d4   0x0801b8d4   0x00000cc0   Code   RO         2240    .text               stm32f1xx_hal_tim_ex.o
    0x0801c594   0x0801c594   0x0000120a   Code   RO         2264    .text               stm32f1xx_hal_uart.o
    0x0801d79e   0x0801d79e   0x00000002   PAD
    0x0801d7a0   0x0801d7a0   0x000001b4   Code   RO         2330    .text               stm32f1xx_hal.o
    0x0801d954   0x0801d954   0x000003dc   Code   RO         2375    .text               stm32f1xx_ll_fsmc.o
    0x0801dd30   0x0801dd30   0x00000380   Code   RO         2654    .text               stm32f1xx_hal_sram.o
    0x0801e0b0   0x0801e0b0   0x00000024   Code   RO         2714    .text               startup_stm32f103xe.o
    0x0801e0d4   0x0801e0d4   0x00000250   Code   RO         2718    .text               pin.o
    0x0801e324   0x0801e324   0x000006a0   Code   RO         2736    .text               serial.o
    0x0801e9c4   0x0801e9c4   0x000001cc   Code   RO         2752    .text               completion.o
    0x0801eb90   0x0801eb90   0x00000ae0   Code   RO         2864    .text               shell.o
    0x0801f670   0x0801f670   0x00000ea8   Code   RO         2905    .text               cmd.o
    0x08020518   0x08020518   0x00000384   Code   RO         2928    .text               msh.o
    0x0802089c   0x0802089c   0x0000013c   Code   RO         2946    .text               msh_cmd.o
    0x080209d8   0x080209d8   0x00001818   Code   RO         3000    .text               finsh_compiler.o
    0x080221f0   0x080221f0   0x0000002c   Code   RO         3037    .text               finsh_error.o
    0x0802221c   0x0802221c   0x00000210   Code   RO         3053    .text               finsh_heap.o
    0x0802242c   0x0802242c   0x00000058   Code   RO         3069    .text               finsh_init.o
    0x08022484   0x08022484   0x00000184   Code   RO         3087    .text               finsh_node.o
    0x08022608   0x08022608   0x00000ad8   Code   RO         3102    .text               finsh_ops.o
    0x080230e0   0x080230e0   0x0000097c   Code   RO         3120    .text               finsh_parser.o
    0x08023a5c   0x08023a5c   0x0000019c   Code   RO         3135    .text               finsh_var.o
    0x08023bf8   0x08023bf8   0x000000e4   Code   RO         3158    .text               finsh_vm.o
    0x08023cdc   0x08023cdc   0x00000680   Code   RO         3181    .text               finsh_token.o
    0x0802435c   0x0802435c   0x00000004   Code   RO         3196    .text               libc.o
    0x08024360   0x08024360   0x00000144   Code   RO         3229    .text               stubs.o
    0x080244a4   0x080244a4   0x00000d20   Code   RO         3281    .text               api_lib.o
    0x080251c4   0x080251c4   0x00001954   Code   RO         3357    .text               api_msg.o
    0x08026b18   0x08026b18   0x000003a8   Code   RO         3381    .text               netbuf.o
    0x08026ec0   0x08026ec0   0x00001db6   Code   RO         3463    .text               sockets.o
    0x08028c76   0x08028c76   0x00000002   PAD
    0x08028c78   0x08028c78   0x000003d4   Code   RO         3479    .text               tcpip.o
    0x0802904c   0x0802904c   0x0000059c   Code   RO         3530    .text               sys_arch.o
    0x080295e8   0x080295e8   0x0000003e   Code   RO         3593    .text               def.o
    0x08029626   0x08029626   0x00000002   PAD
    0x08029628   0x08029628   0x00001900   Code   RO         3605    .text               dhcp.o
    0x0802af28   0x0802af28   0x00000744   Code   RO         3622    .text               dns.o
    0x0802b66c   0x0802b66c   0x00000028   Code   RO         3645    .text               init.o
    0x0802b694   0x0802b694   0x000001a0   Code   RO         3682    .text               memp.o
    0x0802b834   0x0802b834   0x00000350   Code   RO         3712    .text               netif.o
    0x0802bb84   0x0802bb84   0x00000fb8   Code   RO         3737    .text               pbuf.o
    0x0802cb3c   0x0802cb3c   0x00000258   Code   RO         3785    .text               raw.o
    0x0802cd94   0x0802cd94   0x0000152c   Code   RO         3817    .text               tcp.o
    0x0802e2c0   0x0802e2c0   0x00001cfc   Code   RO         3844    .text               tcp_in.o
    0x0802ffbc   0x0802ffbc   0x00001240   Code   RO         3870    .text               tcp_out.o
    0x080311fc   0x080311fc   0x00000328   Code   RO         3883    .text               timers.o
    0x08031524   0x08031524   0x0000062c   Code   RO         3897    .text               udp.o
    0x08031b50   0x08031b50   0x000003e8   Code   RO         3932    .text               icmp.o
    0x08031f38   0x08031f38   0x000006c4   Code   RO         3944    .text               igmp.o
    0x080325fc   0x080325fc   0x0000028c   Code   RO         3967    .text               inet_chksum.o
    0x08032888   0x08032888   0x000004de   Code   RO         3979    .text               ip.o
    0x08032d66   0x08032d66   0x00000002   PAD
    0x08032d68   0x08032d68   0x00000310   Code   RO         3997    .text               ip_addr.o
    0x08033078   0x08033078   0x00000e94   Code   RO         4026    .text               etharp.o
    0x08033f0c   0x08033f0c   0x00000124   Code   RO         4050    .text               ethernetif.o
    0x08034030   0x08034030   0x0000062c   Code   RO         4101    .text               lwip_comm.o
    0x0803465c   0x0803465c   0x00000108   Code   RO         4181    .text               fs.o
    0x08034764   0x08034764   0x00001188   Code   RO         4209    .text               httpd.o
    0x080358ec   0x080358ec   0x00000f5c   Code   RO         4281    .text               httpd_cgi_ssi.o
    0x08036848   0x08036848   0x00000020   Code   RO         4318    .text               mc_w.l(llushr.o)
    0x08036868   0x08036868   0x00000024   Code   RO         4320    .text               mc_w.l(rand.o)
    0x0803688c   0x0803688c   0x00000024   Code   RO         4323    .text               mc_w.l(memcpya.o)
    0x080368b0   0x080368b0   0x00000024   Code   RO         4325    .text               mc_w.l(memseta.o)
    0x080368d4   0x080368d4   0x00000018   Code   RO         4327    .text               mc_w.l(strcat.o)
    0x080368ec   0x080368ec   0x00000024   Code   RO         4329    .text               mc_w.l(strstr.o)
    0x08036910   0x08036910   0x00000018   Code   RO         4331    .text               mc_w.l(strncpy.o)
    0x08036928   0x08036928   0x00000014   Code   RO         4333    .text               mc_w.l(strchr.o)
    0x0803693c   0x0803693c   0x0000000e   Code   RO         4335    .text               mc_w.l(strlen.o)
    0x0803694a   0x0803694a   0x0000001c   Code   RO         4337    .text               mc_w.l(strcmp.o)
    0x08036966   0x08036966   0x0000001a   Code   RO         4339    .text               mc_w.l(memcmp.o)
    0x08036980   0x08036980   0x00000012   Code   RO         4341    .text               mc_w.l(strcpy.o)
    0x08036992   0x08036992   0x0000001e   Code   RO         4343    .text               mc_w.l(strncmp.o)
    0x080369b0   0x080369b0   0x0000001a   Code   RO         4615    .text               mc_w.l(atoi.o)
    0x080369ca   0x080369ca   0x000000b0   Code   RO         4617    .text               mf_w.l(fadd.o)
    0x08036a7a   0x08036a7a   0x00000064   Code   RO         4619    .text               mf_w.l(fmul.o)
    0x08036ade   0x08036ade   0x0000007c   Code   RO         4621    .text               mf_w.l(fdiv.o)
    0x08036b5a   0x08036b5a   0x0000014e   Code   RO         4623    .text               mf_w.l(dadd.o)
    0x08036ca8   0x08036ca8   0x000000e4   Code   RO         4625    .text               mf_w.l(dmul.o)
    0x08036d8c   0x08036d8c   0x00000012   Code   RO         4627    .text               mf_w.l(fflti.o)
    0x08036d9e   0x08036d9e   0x0000000a   Code   RO         4629    .text               mf_w.l(ffltui.o)
    0x08036da8   0x08036da8   0x00000022   Code   RO         4631    .text               mf_w.l(dflti.o)
    0x08036dca   0x08036dca   0x0000001a   Code   RO         4633    .text               mf_w.l(dfltui.o)
    0x08036de4   0x08036de4   0x00000032   Code   RO         4635    .text               mf_w.l(ffixi.o)
    0x08036e16   0x08036e16   0x00000028   Code   RO         4637    .text               mf_w.l(ffixui.o)
    0x08036e3e   0x08036e3e   0x0000003e   Code   RO         4639    .text               mf_w.l(dfixi.o)
    0x08036e7c   0x08036e7c   0x00000032   Code   RO         4641    .text               mf_w.l(dfixui.o)
    0x08036eae   0x08036eae   0x00000026   Code   RO         4643    .text               mf_w.l(f2d.o)
    0x08036ed4   0x08036ed4   0x00000030   Code   RO         4645    .text               mf_w.l(cdcmple.o)
    0x08036f04   0x08036f04   0x00000030   Code   RO         4647    .text               mf_w.l(cdrcmple.o)
    0x08036f34   0x08036f34   0x00000038   Code   RO         4649    .text               mf_w.l(d2f.o)
    0x08036f6c   0x08036f6c   0x00000014   Code   RO         4651    .text               mf_w.l(cfcmple.o)
    0x08036f80   0x08036f80   0x0000002c   Code   RO         4668    .text               mc_w.l(uidiv.o)
    0x08036fac   0x08036fac   0x00000062   Code   RO         4670    .text               mc_w.l(uldiv.o)
    0x0803700e   0x0803700e   0x0000001e   Code   RO         4672    .text               mc_w.l(llshl.o)
    0x0803702c   0x0803702c   0x00000024   Code   RO         4674    .text               mc_w.l(llsshr.o)
    0x08037050   0x08037050   0x00000070   Code   RO         4676    .text               mc_w.l(strtol.o)
    0x080370c0   0x080370c0   0x00000000   Code   RO         4678    .text               mc_w.l(iusefp.o)
    0x080370c0   0x080370c0   0x0000006e   Code   RO         4679    .text               mf_w.l(fepilogue.o)
    0x0803712e   0x0803712e   0x000000ba   Code   RO         4681    .text               mf_w.l(depilogue.o)
    0x080371e8   0x080371e8   0x000000de   Code   RO         4683    .text               mf_w.l(ddiv.o)
    0x080372c6   0x080372c6   0x000000a2   Code   RO         4685    .text               mf_w.l(dsqrt.o)
    0x08037368   0x08037368   0x00000030   Code   RO         4687    .text               mf_w.l(dfixul.o)
    0x08037398   0x08037398   0x00000024   Code   RO         4689    .text               mc_w.l(init.o)
    0x080373bc   0x080373bc   0x00000008   Code   RO         4691    .text               mc_w.l(ctype_o.o)
    0x080373c4   0x080373c4   0x0000009e   Code   RO         4719    .text               mc_w.l(_strtoul.o)
    0x08037462   0x08037462   0x0000001c   Code   RO         4721    .text               mc_w.l(_chval.o)
    0x0803747e   0x0803747e   0x00000056   Code   RO         4731    .text               mc_w.l(__dczerorl2.o)
    0x080374d4   0x080374d4   0x00000020   Code   RO         4580    i.__0printf         mc_w.l(printfa.o)
    0x080374f4   0x080374f4   0x00000028   Code   RO         4582    i.__0sprintf        mc_w.l(printfa.o)
    0x0803751c   0x0803751c   0x00000008   Code   RO         4608    i.__aeabi_errno_addr  mc_w.l(errno.o)
    0x08037524   0x08037524   0x0000000e   Code   RO         4725    i.__scatterload_copy  mc_w.l(handlers.o)
    0x08037532   0x08037532   0x00000002   Code   RO         4726    i.__scatterload_null  mc_w.l(handlers.o)
    0x08037534   0x08037534   0x0000000e   Code   RO         4727    i.__scatterload_zeroinit  mc_w.l(handlers.o)
    0x08037542   0x08037542   0x00000002   PAD
    0x08037544   0x08037544   0x0000000c   Code   RO         4610    i.__set_errno       mc_w.l(errno.o)
    0x08037550   0x08037550   0x00000184   Code   RO         4587    i._fp_digits        mc_w.l(printfa.o)
    0x080376d4   0x080376d4   0x000006dc   Code   RO         4588    i._printf_core      mc_w.l(printfa.o)
    0x08037db0   0x08037db0   0x00000024   Code   RO         4589    i._printf_post_padding  mc_w.l(printfa.o)
    0x08037dd4   0x08037dd4   0x0000002e   Code   RO         4590    i._printf_pre_padding  mc_w.l(printfa.o)
    0x08037e02   0x08037e02   0x0000000a   Code   RO         4592    i._sputc            mc_w.l(printfa.o)
    0x08037e0c   0x08037e0c   0x0000004c   Code   RO         4308    i.sqrt              m_ws.l(sqrt.o)
    0x08037e58   0x08037e58   0x00000014   Data   RO           83    .constdata          components.o
    0x08037e6c   0x08037e6c   0x000000c9   Data   RO          102    .constdata          device.o
    0x08037f35   0x08037f35   0x00000016   Data   RO          116    .constdata          idle.o
    0x08037f4b   0x08037f4b   0x000001f7   Data   RO          134    .constdata          ipc.o
    0x08038142   0x08038142   0x00000122   Data   RO          168    .constdata          kservice.o
    0x08038264   0x08038264   0x00000046   Data   RO          188    .constdata          mem.o
    0x080382aa   0x080382aa   0x0000003e   Data   RO          237    .constdata          mempool.o
    0x080382e8   0x080382e8   0x00000080   Data   RO          255    .constdata          object.o
    0x08038368   0x08038368   0x0000004e   Data   RO          275    .constdata          scheduler.o
    0x080383b6   0x080383b6   0x00000048   Data   RO          295    .constdata          signal.o
    0x080383fe   0x080383fe   0x000000b9   Data   RO          325    .constdata          thread.o
    0x080384b7   0x080384b7   0x0000005c   Data   RO          346    .constdata          timer.o
    0x08038513   0x08038513   0x00000013   Data   RO          365    .constdata          cpuport.o
    0x08038526   0x08038526   0x0000000a   Data   RO          476    .constdata          24l01.o
    0x08038530   0x08038530   0x0000000a   Data   RO         1133    .constdata          ft5206.o
    0x0803853a   0x0803853a   0x000000c2   Data   RO         1174    .constdata          gt9147.o
    0x080385fc   0x080385fc   0x00004740   Data   RO         1203    .constdata          lcd.o
    0x0803cd3c   0x0803cd3c   0x0000000a   Data   RO         1319    .constdata          ott2001a.o
    0x0803cd46   0x0803cd46   0x00000018   Data   RO         1410    .constdata          rtc.o
    0x0803cd5e   0x0803cd5e   0x00000002   PAD
    0x0803cd60   0x0803cd60   0x00000004   Data   RO         1506    .constdata          touch.o
    0x0803cd64   0x0803cd64   0x00000013   Data   RO         1603    .constdata          board.o
    0x0803cd77   0x0803cd77   0x00000001   PAD
    0x0803cd78   0x0803cd78   0x0000017c   Data   RO         1656    .constdata          drv_gpio.o
    0x0803cef4   0x0803cef4   0x0000005c   Data   RO         1686    .constdata          drv_usart.o
    0x0803cf50   0x0803cf50   0x00000018   Data   RO         1719    .constdata          system_stm32f1xx.o
    0x0803cf68   0x0803cf68   0x0000007d   Data   RO         2720    .constdata          pin.o
    0x0803cfe5   0x0803cfe5   0x000000c4   Data   RO         2737    .constdata          serial.o
    0x0803d0a9   0x0803d0a9   0x00000039   Data   RO         2753    .constdata          completion.o
    0x0803d0e2   0x0803d0e2   0x00000087   Data   RO         2866    .constdata          shell.o
    0x0803d169   0x0803d169   0x00000003   PAD
    0x0803d16c   0x0803d16c   0x00000050   Data   RO         2906    .constdata          cmd.o
    0x0803d1bc   0x0803d1bc   0x0000000e   Data   RO         2929    .constdata          msh.o
    0x0803d1ca   0x0803d1ca   0x00000002   PAD
    0x0803d1cc   0x0803d1cc   0x000000c4   Data   RO         3103    .constdata          finsh_ops.o
    0x0803d290   0x0803d290   0x00000040   Data   RO         3182    .constdata          finsh_token.o
    0x0803d2d0   0x0803d2d0   0x0000001b   Data   RO         3230    .constdata          stubs.o
    0x0803d2eb   0x0803d2eb   0x00000001   PAD
    0x0803d2ec   0x0803d2ec   0x00000040   Data   RO         3465    .constdata          sockets.o
    0x0803d32c   0x0803d32c   0x000000b3   Data   RO         3531    .constdata          sys_arch.o
    0x0803d3df   0x0803d3df   0x00000001   PAD
    0x0803d3e0   0x0803d3e0   0x0000003c   Data   RO         3684    .constdata          memp.o
    0x0803d41c   0x0803d41c   0x00000050   Data   RO         3818    .constdata          tcp.o
    0x0803d46c   0x0803d46c   0x00000008   Data   RO         3999    .constdata          ip_addr.o
    0x0803d474   0x0803d474   0x0000000c   Data   RO         4028    .constdata          etharp.o
    0x0803d480   0x0803d480   0x000132e0   Data   RO         4183    .constdata          fs.o
    0x08050760   0x08050760   0x00000030   Data   RO         4211    .constdata          httpd.o
    0x08050790   0x08050790   0x00000018   Data   RO         4282    .constdata          httpd_cgi_ssi.o
    0x080507a8   0x080507a8   0x00000081   Data   RO         4692    .constdata          mc_w.l(ctype_o.o)
    0x08050829   0x08050829   0x00000003   PAD
    0x0805082c   0x0805082c   0x00000004   Data   RO         4693    .constdata          mc_w.l(ctype_o.o)
    0x08050830   0x08050830   0x0000015a   Data   RO          135    .conststring        ipc.o
    0x0805098a   0x0805098a   0x00000002   PAD
    0x0805098c   0x0805098c   0x000000ed   Data   RO          189    .conststring        mem.o
    0x08050a79   0x08050a79   0x00000003   PAD
    0x08050a7c   0x08050a7c   0x00000042   Data   RO          326    .conststring        thread.o
    0x08050abe   0x08050abe   0x00000002   PAD
    0x08050ac0   0x08050ac0   0x00000079   Data   RO         1507    .conststring        touch.o
    0x08050b39   0x08050b39   0x00000003   PAD
    0x08050b3c   0x08050b3c   0x00000043   Data   RO         1604    .conststring        board.o
    0x08050b7f   0x08050b7f   0x00000001   PAD
    0x08050b80   0x08050b80   0x0000015d   Data   RO         2907    .conststring        cmd.o
    0x08050cdd   0x08050cdd   0x00000003   PAD
    0x08050ce0   0x08050ce0   0x00000048   Data   RO         2947    .conststring        msh_cmd.o
    0x08050d28   0x08050d28   0x000000f3   Data   RO         3038    .conststring        finsh_error.o
    0x08050e1b   0x08050e1b   0x00000001   PAD
    0x08050e1c   0x08050e1c   0x0000003e   Data   RO         3183    .conststring        finsh_token.o
    0x08050e5a   0x08050e5a   0x00000002   PAD
    0x08050e5c   0x08050e5c   0x0000008c   Data   RO         3607    .conststring        dhcp.o
    0x08050ee8   0x08050ee8   0x00000075   Data   RO         3819    .conststring        tcp.o
    0x08050f5d   0x08050f5d   0x00000003   PAD
    0x08050f60   0x08050f60   0x00000055   Data   RO         3871    .conststring        tcp_out.o
    0x08050fb5   0x08050fb5   0x00000003   PAD
    0x08050fb8   0x08050fb8   0x00000044   Data   RO         4029    .conststring        etharp.o
    0x08050ffc   0x08050ffc   0x000000b2   Data   RO         4212    .conststring        httpd.o
    0x080510ae   0x080510ae   0x00000002   PAD
    0x080510b0   0x080510b0   0x0000003a   Data   RO         4283    .conststring        httpd_cgi_ssi.o
    0x080510ea   0x080510ea   0x00000027   Data   RO          191    .rodata.name        mem.o
    0x08051111   0x08051111   0x00000069   Data   RO         2721    .rodata.name        pin.o
    0x0805117a   0x0805117a   0x000003a4   Data   RO         2909    .rodata.name        cmd.o
    0x0805151e   0x0805151e   0x00000061   Data   RO         2931    .rodata.name        msh.o
    0x0805157f   0x0805157f   0x0000010a   Data   RO         2948    .rodata.name        msh_cmd.o
    0x08051689   0x08051689   0x00000003   PAD
    0x0805168c   0x0805168c   0x00000004   Data   RO           84    .rti_fn.0           components.o
    0x08051690   0x08051690   0x00000004   Data   RO           85    .rti_fn.0.end       components.o
    0x08051694   0x08051694   0x00000004   Data   RO         1658    .rti_fn.1           drv_gpio.o
    0x08051698   0x08051698   0x00000004   Data   RO         1688    .rti_fn.1           drv_usart.o
    0x0805169c   0x0805169c   0x00000004   Data   RO           86    .rti_fn.1.end       components.o
    0x080516a0   0x080516a0   0x00000004   Data   RO         3197    .rti_fn.4           libc.o
    0x080516a4   0x080516a4   0x00000004   Data   RO         2868    .rti_fn.6           shell.o
    0x080516a8   0x080516a8   0x00000004   Data   RO           87    .rti_fn.6.end       components.o
    0x080516ac   0x080516ac   0x0000000c   Data   RO          192    FSymTab             mem.o
    0x080516b8   0x080516b8   0x00000024   Data   RO         2722    FSymTab             pin.o
    0x080516dc   0x080516dc   0x00000120   Data   RO         2910    FSymTab             cmd.o
    0x080517fc   0x080517fc   0x00000024   Data   RO         2932    FSymTab             msh.o
    0x08051820   0x08051820   0x00000048   Data   RO         2949    FSymTab             msh_cmd.o
    0x08051868   0x08051868   0x00000020   Data   RO         4723    Region$$Table       anon$$obj.o
    0x08051888   0x08051888   0x00000010   Data   RO         2911    VSymTab             cmd.o


    Execution Region RW_IRAM1 (Exec base: 0x20000000, Load base: 0x08051898, Size: 0x0000bc30, Max: 0x00010000, ABSOLUTE, COMPRESSED[0x000000f8])

    Exec Addr    Load Addr    Size         Type   Attr      Idx    E Section Name        Object

    0x20000000   COMPRESSED   0x00000004   Data   RW            2    .data               clock.o
    0x20000004   COMPRESSED   0x00000009   Data   RW          152    .data               irq.o
    0x2000000d   COMPRESSED   0x00000003   PAD
    0x20000010   COMPRESSED   0x0000000c   Data   RW          169    .data               kservice.o
    0x2000001c   COMPRESSED   0x00000020   Data   RW          190    .data               mem.o
    0x2000003c   COMPRESSED   0x00000008   Data   RW          238    .data               mempool.o
    0x20000044   COMPRESSED   0x000000b4   Data   RW          256    .data               object.o
    0x200000f8   COMPRESSED   0x0000001c   Data   RW          276    .data               scheduler.o
    0x20000114   COMPRESSED   0x00000004   Data   RW          296    .data               signal.o
    0x20000118   COMPRESSED   0x0000000c   Data   RW          327    .data               thread.o
    0x20000124   COMPRESSED   0x0000001c   Data   RW          347    .data               timer.o
    0x20000140   COMPRESSED   0x00000010   Data   RW          366    .data               cpuport.o
    0x20000150   COMPRESSED   0x0000000c   Data   RW          843    .data               bsp_gsm.o
    0x2000015c   COMPRESSED   0x00000006   Data   RW          896    .data               bsp_led.o
    0x20000162   COMPRESSED   0x00000004   Data   RW         1026    .data               delay.o
    0x20000166   COMPRESSED   0x00000001   Data   RW         1134    .data               ft5206.o
    0x20000167   COMPRESSED   0x00000001   Data   RW         1175    .data               gt9147.o
    0x20000168   COMPRESSED   0x00000008   Data   RW         1204    .data               lcd.o
    0x20000170   COMPRESSED   0x00000034   Data   RW         1268    .data               main.o
    0x200001a4   COMPRESSED   0x00000001   Data   RW         1320    .data               ott2001a.o
    0x200001a5   COMPRESSED   0x00000003   PAD
    0x200001a8   COMPRESSED   0x00000009   Data   RW         1379    .data               remote.o
    0x200001b1   COMPRESSED   0x00000001   PAD
    0x200001b2   COMPRESSED   0x00000028   Data   RW         1411    .data               rtc.o
    0x200001da   COMPRESSED   0x00000002   PAD
    0x200001dc   COMPRESSED   0x00000036   Data   RW         1508    .data               touch.o
    0x20000212   COMPRESSED   0x00000006   Data   RW         1543    .data               usart.o
    0x20000218   COMPRESSED   0x000000c0   Data   RW         1657    .data               drv_gpio.o
    0x200002d8   COMPRESSED   0x00000044   Data   RW         1687    .data               drv_usart.o
    0x2000031c   COMPRESSED   0x00000004   Data   RW         1720    .data               system_stm32f1xx.o
    0x20000320   COMPRESSED   0x00000001   Data   RW         2190    .data               stm32f1xx_hal_spi_ex.o
    0x20000321   COMPRESSED   0x00000003   PAD
    0x20000324   COMPRESSED   0x00000009   Data   RW         2331    .data               stm32f1xx_hal.o
    0x2000032d   COMPRESSED   0x00000003   PAD
    0x20000330   COMPRESSED   0x00000008   Data   RW         2867    .data               shell.o
    0x20000338   COMPRESSED   0x00000010   Data   RW         2889    .data               symbol.o
    0x20000348   COMPRESSED   0x00000004   Data   RW         2908    .data               cmd.o
    0x2000034c   COMPRESSED   0x00000004   Data   RW         2930    .data               msh.o
    0x20000350   COMPRESSED   0x00000008   Data   RW         3001    .data               finsh_compiler.o
    0x20000358   COMPRESSED   0x00000040   Data   RW         3039    .data               finsh_error.o
    0x20000398   COMPRESSED   0x00000008   Data   RW         3055    .data               finsh_heap.o
    0x200003a0   COMPRESSED   0x00000004   Data   RW         3137    .data               finsh_var.o
    0x200003a4   COMPRESSED   0x0000000c   Data   RW         3160    .data               finsh_vm.o
    0x200003b0   COMPRESSED   0x00000008   Data   RW         3466    .data               sockets.o
    0x200003b8   COMPRESSED   0x0000000c   Data   RW         3480    .data               tcpip.o
    0x200003c4   COMPRESSED   0x00000006   Data   RW         3532    .data               sys_arch.o
    0x200003ca   COMPRESSED   0x00000002   PAD
    0x200003cc   COMPRESSED   0x00000004   Data   RW         3608    .data               dhcp.o
    0x200003d0   COMPRESSED   0x00000014   Data   RW         3624    .data               dns.o
    0x200003e4   COMPRESSED   0x00000009   Data   RW         3713    .data               netif.o
    0x200003ed   COMPRESSED   0x00000001   Data   RW         3738    .data               pbuf.o
    0x200003ee   COMPRESSED   0x00000002   PAD
    0x200003f0   COMPRESSED   0x00000004   Data   RW         3786    .data               raw.o
    0x200003f4   COMPRESSED   0x00000024   Data   RW         3820    .data               tcp.o
    0x20000418   COMPRESSED   0x00000020   Data   RW         3846    .data               tcp_in.o
    0x20000438   COMPRESSED   0x00000008   Data   RW         3884    .data               timers.o
    0x20000440   COMPRESSED   0x00000008   Data   RW         3898    .data               udp.o
    0x20000448   COMPRESSED   0x0000000c   Data   RW         3945    .data               igmp.o
    0x20000454   COMPRESSED   0x00000012   Data   RW         3980    .data               ip.o
    0x20000466   COMPRESSED   0x00000001   Data   RW         4030    .data               etharp.o
    0x20000467   COMPRESSED   0x00000001   PAD
    0x20000468   COMPRESSED   0x00000008   Data   RW         4103    .data               lwip_comm.o
    0x20000470   COMPRESSED   0x00000024   Data   RW         4213    .data               httpd.o
    0x20000494   COMPRESSED   0x0000001c   Data   RW         4284    .data               httpd_cgi_ssi.o
    0x200004b0   COMPRESSED   0x00000004   Data   RW         4321    .data               mc_w.l(rand.o)
    0x200004b4   COMPRESSED   0x00000004   Data   RW         4611    .data               mc_w.l(errno.o)
    0x200004b8   COMPRESSED   0x00000004   Data   RW         4667    .data               mc_w.l(stdout.o)
    0x200004bc        -       0x000001c4   Zero   RW          115    .bss                idle.o
    0x20000680        -       0x00000080   Zero   RW          167    .bss                kservice.o
    0x20000700        -       0x00000030   Zero   RW          187    .bss                mem.o
    0x20000730        -       0x00000100   Zero   RW          274    .bss                scheduler.o
    0x20000830        -       0x000002b4   Zero   RW          345    .bss                timer.o
    0x20000ae4        -       0x00000090   Zero   RW          789    .bss                bsp_adc.o
    0x20000b74        -       0x00000040   Zero   RW          945    .bss                bsp_timer.o
    0x20000bb4        -       0x00000056   Zero   RW         1076    .bss                dm9000.o
    0x20000c0a   COMPRESSED   0x00000002   PAD
    0x20000c0c        -       0x00000052   Zero   RW         1202    .bss                lcd.o
    0x20000c5e   COMPRESSED   0x00000002   PAD
    0x20000c60        -       0x00001c58   Zero   RW         1267    .bss                main.o
    0x200028b8        -       0x00000040   Zero   RW         1378    .bss                remote.o
    0x200028f8        -       0x00000032   Zero   RW         1409    .bss                rtc.o
    0x2000292a   COMPRESSED   0x00000002   PAD
    0x2000292c        -       0x00000058   Zero   RW         1448    .bss                spi.o
    0x20002984        -       0x00000880   Zero   RW         1542    .bss                usart.o
    0x20003204        -       0x00000064   Zero   RW         1685    .bss                drv_usart.o
    0x20003268        -       0x00000054   Zero   RW         2719    .bss                pin.o
    0x200032bc        -       0x00000081   Zero   RW         2865    .bss                shell.o
    0x2000333d   COMPRESSED   0x00000003   PAD
    0x20003340        -       0x00000080   Zero   RW         3054    .bss                finsh_heap.o
    0x200033c0        -       0x00000140   Zero   RW         3088    .bss                finsh_node.o
    0x20003500        -       0x000000c0   Zero   RW         3136    .bss                finsh_var.o
    0x200035c0        -       0x00000180   Zero   RW         3159    .bss                finsh_vm.o
    0x20003740        -       0x000000c0   Zero   RW         3464    .bss                sockets.o
    0x20003800        -       0x00000032   Zero   RW         3606    .bss                dhcp.o
    0x20003832   COMPRESSED   0x00000002   PAD
    0x20003834        -       0x00000663   Zero   RW         3623    .bss                dns.o
    0x20003e97   COMPRESSED   0x00000001   PAD
    0x20003e98        -       0x00006e03   Zero   RW         3683    .bss                memp.o
    0x2000ac9b   COMPRESSED   0x00000001   PAD
    0x2000ac9c        -       0x00000010   Zero   RW         3845    .bss                tcp_in.o
    0x2000acac        -       0x00000010   Zero   RW         3998    .bss                ip_addr.o
    0x2000acbc        -       0x000000c8   Zero   RW         4027    .bss                etharp.o
    0x2000ad84        -       0x000005bc   Zero   RW         4102    .bss                lwip_comm.o
    0x2000b340        -       0x000000f0   Zero   RW         4182    .bss                fs.o
    0x2000b430        -       0x00000400   Zero   RW         4210    .bss                httpd.o
    0x2000b830        -       0x00000400   Zero   RW         2711    STACK               startup_stm32f103xe.o


==============================================================================

Image component sizes


      Code (inc. data)   RO Data    RW Data    ZI Data      Debug   Object Name

       378          0          0          0          0     388186   24cxx.o
       888        100         10          0          0     143465   24l01.o
      3360        912          0          0          0      34683   api_lib.o
      6484       1246          0          0          0      12736   api_msg.o
         0          0          0          0          0       7676   app.o
       164         16          0          0          0       1005   beep.o
       648        166         86          0          0       1753   board.o
       948        204          0          0        144       2916   bsp_adc.o
      1000        116          0          0          0       3717   bsp_ds18b20.o
      3204        968          0         12          0       3028   bsp_gsm.o
       916        246          0          6          0       1720   bsp_led.o
        80         10          0          0          0        839   bsp_rsd.o
       232         20          0          0         64       1616   bsp_timer.o
        88         12          0          0          0        838   bsp_wb.o
       108          4          0          4          0      20890   clock.o
      3752       1430       1665          4          0      16776   cmd.o
       460        128         57          0          0       4759   completion.o
       220         42         36          0          0       2518   components.o
       244         26          0          0          0        780   context_rvds.o
      1504        720         19         16          0       4043   cpuport.o
       688         30          0          0          0       2481   ctiic.o
        62          0          0          0          0       1162   def.o
       208         12          0          4          0       1015   delay.o
      1352        314        201          0          0       5626   device.o
      6400       1070        140          4         50      13894   dhcp.o
       424         16          0          0          0       2110   dht11.o
      2156        384          0          0         86      11208   dm9000.o
      1860        264          0         20       1635      11360   dns.o
      1508         96        384        192          0       6894   drv_gpio.o
       760        126         96         68        100      25502   drv_usart.o
         0          0          0          0          0        728   err.o
      3732        604         80          1        200      10867   etharp.o
       292         84          0          0          0       3450   ethernetif.o
      6168        154          0          8          0       9822   finsh_compiler.o
        44         10        243         64          0       1629   finsh_error.o
       528         18          0          8        128       3391   finsh_heap.o
        88          6          0          0          0       1588   finsh_init.o
       388          4          0          0        320       3328   finsh_node.o
      2776         36        196          0          0       8680   finsh_ops.o
      2428         32          0          0          0       9733   finsh_parser.o
      1664         16        126          0          0       6236   finsh_token.o
       412         18          0          4        192       6309   finsh_var.o
       228         34          0         12        384       5388   finsh_vm.o
       264          8      78560          0        240       8219   fs.o
       824         42         10          1          0       2499   ft5206.o
      1100         76        194          1          0       3014   gt9147.o
      4488        720        226         36       1024      23926   httpd.o
      3932        780         82         28          0       7517   httpd_cgi_ssi.o
      1000        350          0          0          0       2535   icmp.o
       468         76         22          0        452       5416   idle.o
      1732        380          0         12          0       6978   igmp.o
       652         78          0          0          0       3201   inet_chksum.o
        40          0          0          0          0      11069   init.o
      1246        146          0         18          0       7512   ip.o
       784         82          8          0         16       9891   ip_addr.o
      7196       1036        849          0          0      22363   ipc.o
       124         14          0          9          0       1804   irq.o
      2752        232        290         12        128      12228   kservice.o
     14444        466      18240          8         82      22425   lcd.o
         4          0          4          0          0       1244   libc.o
      1580        746          0          8       1468      10568   lwip_comm.o
      5260       1702          0         52       7256       5836   main.o
      2292        644        358         32         48       8418   mem.o
       416        168         60          0      28163       2678   memp.o
      1264        264         62          8          0       7070   mempool.o
       900        142        147          4          0       4903   msh.o
       316        146        410          0          0      10442   msh_cmd.o
       636         18          0          0          0       2256   myiic.o
       936        318          0          0          0       3225   netbuf.o
         0          0          0          0          0       5228   netdb.o
       848        100          0          9          0       7043   netif.o
         0          0          0          0          0       6326   netifapi.o
       884        184        128        180          0       8291   object.o
       876         60         10          1          0       2667   ott2001a.o
      4024       1148          0          1          0      10127   pbuf.o
       592         92        266          0         84       5006   pin.o
       262          0          0          0          0       1637   public.o
       600        106          0          4          0       3593   raw.o
       752         36          0          9         64       2443   remote.o
      7804        874         24         40         50       8271   rtc.o
       780        152         78         28        256       6609   scheduler.o
      1696        186        196          0          0       6613   serial.o
      2784        282        139          8        129       7065   shell.o
      1480        174         72          4          0       8284   signal.o
      7606        642         64          8        192      19157   sockets.o
       280         18          0          0         88       1744   spi.o
        36          8        304          0       1024        864   startup_stm32f103xe.o
       436         36          0          9          0       7385   stm32f1xx_hal.o
      3468         98          0          0          0       9430   stm32f1xx_hal_adc.o
      2512         70          0          0          0       6598   stm32f1xx_hal_adc_ex.o
       708         22          0          0          0      27262   stm32f1xx_hal_cortex.o
      3812         40          0          0          0       6621   stm32f1xx_hal_dma.o
      1256         42          0          0          0       3883   stm32f1xx_hal_gpio.o
       520         20          0          0          0       4175   stm32f1xx_hal_pwr.o
      2444         94          0          0          0       5531   stm32f1xx_hal_rcc.o
       692         40          0          0          0       2280   stm32f1xx_hal_rcc_ex.o
      2776         18          0          0          0      10373   stm32f1xx_hal_rtc.o
       744          6          0          0          0       4577   stm32f1xx_hal_rtc_ex.o
      7164        118          0          0          0      19097   stm32f1xx_hal_spi.o
       184         10          0          1          0       1594   stm32f1xx_hal_spi_ex.o
       896          8          0          0          0       6208   stm32f1xx_hal_sram.o
     10272        124          0          0          0      32586   stm32f1xx_hal_tim.o
      3264         20          0          0          0      11768   stm32f1xx_hal_tim_ex.o
      4618         46          0          0          0      15864   stm32f1xx_hal_uart.o
        16          0          0          0          0        809   stm32f1xx_it.o
       988         16          0          0          0       5944   stm32f1xx_ll_fsmc.o
       324         20         27          0          0       6359   stubs.o
         0          0          0         16          0       5081   symbol.o
      1436        270        179          6          0      10246   sys_arch.o
       244         32         24          4          0       1701   system_stm32f1xx.o
      5420       1098        197         36          0      22816   tcp.o
      7420       1040          0         32         16      16535   tcp_in.o
      4672        834         85          0          0      10179   tcp_out.o
       980        162          0         12          0      21673   tcpip.o
      2040        416        251         12          0      10614   thread.o
      1828        312         92         28        692       9639   timer.o
       808        162          0          8          0       3891   timers.o
      4020        226        125         54          0       6917   touch.o
      1580        174          0          8          0      15129   udp.o
       628         94          0          6       2176       2608   usart.o

    ----------------------------------------------------------------------
    222980      28058     105192       1200      46964    1449923   Object Totals
         0          0         32          0          0          0   (incl. Generated)
        12          0         38         20         13          0   (incl. Padding)

    ----------------------------------------------------------------------

      Code (inc. data)   RO Data    RW Data    ZI Data      Debug   Library Member Name

        76          0          0          0          0         84   sqrt.o
        86          0          0          0          0          0   __dczerorl2.o
        28          0          0          0          0         68   _chval.o
       158          0          0          0          0         92   _strtoul.o
        26          0          0          0          0         80   atoi.o
         8          4        133          0          0         68   ctype_o.o
         0          0          0          0          0          0   entry.o
         0          0          0          0          0          0   entry10a.o
         0          0          0          0          0          0   entry11a.o
         8          4          0          0          0          0   entry2.o
         4          0          0          0          0          0   entry5.o
         0          0          0          0          0          0   entry7b.o
         0          0          0          0          0          0   entry8b.o
         8          4          0          0          0          0   entry9a.o
        20         10          0          4          0        136   errno.o
        30          0          0          0          0          0   handlers.o
        36          8          0          0          0         68   init.o
         0          0          0          0          0          0   iusefp.o
        30          0          0          0          0         68   llshl.o
        36          0          0          0          0         68   llsshr.o
        32          0          0          0          0         68   llushr.o
        26          0          0          0          0         80   memcmp.o
        36          0          0          0          0         68   memcpya.o
        36          0          0          0          0        108   memseta.o
      2308         96          0          0          0        604   printfa.o
        36         10          0          4          0        136   rand.o
         0          0          0          4          0          0   stdout.o
        24          0          0          0          0         68   strcat.o
        20          0          0          0          0         68   strchr.o
        28          0          0          0          0         76   strcmp.o
        18          0          0          0          0         68   strcpy.o
        14          0          0          0          0         68   strlen.o
        30          0          0          0          0         80   strncmp.o
        24          0          0          0          0         76   strncpy.o
        36          0          0          0          0         80   strstr.o
       112          0          0          0          0         88   strtol.o
        44          0          0          0          0         80   uidiv.o
        98          0          0          0          0         92   uldiv.o
        48          0          0          0          0         68   cdcmple.o
        48          0          0          0          0         68   cdrcmple.o
        20          0          0          0          0         68   cfcmple.o
        56          0          0          0          0         88   d2f.o
       334          0          0          0          0        148   dadd.o
       222          0          0          0          0        100   ddiv.o
       186          0          0          0          0        176   depilogue.o
        62          0          0          0          0         80   dfixi.o
        50          0          0          0          0         76   dfixui.o
        48          0          0          0          0         68   dfixul.o
        34          0          0          0          0         76   dflti.o
        26          0          0          0          0         76   dfltui.o
       228          0          0          0          0         96   dmul.o
       162          0          0          0          0        100   dsqrt.o
        38          0          0          0          0         68   f2d.o
       176          0          0          0          0        140   fadd.o
       124          0          0          0          0         88   fdiv.o
       110          0          0          0          0        168   fepilogue.o
        50          0          0          0          0         68   ffixi.o
        40          0          0          0          0         68   ffixui.o
        18          0          0          0          0         68   fflti.o
        10          0          0          0          0         68   ffltui.o
       100          0          0          0          0         76   fmul.o

    ----------------------------------------------------------------------
      5668        136        136         12          0       4740   Library Totals
         2          0          3          0          0          0   (incl. Padding)

    ----------------------------------------------------------------------

      Code (inc. data)   RO Data    RW Data    ZI Data      Debug   Library Name

        76          0          0          0          0         84   m_ws.l
      3400        136        133         12          0       2556   mc_w.l
      2190          0          0          0          0       2100   mf_w.l

    ----------------------------------------------------------------------
      5668        136        136         12          0       4740   Library Totals

    ----------------------------------------------------------------------

==============================================================================


      Code (inc. data)   RO Data    RW Data    ZI Data      Debug   

    228648      28194     105328       1212      46964    1441687   Grand Totals
    228648      28194     105328        248      46964    1441687   ELF Image Totals (compressed)
    228648      28194     105328        248          0          0   ROM Totals

==============================================================================

    Total RO  Size (Code + RO Data)               333976 ( 326.15kB)
    Total RW  Size (RW Data + ZI Data)             48176 (  47.05kB)
    Total ROM Size (Code + RO Data + RW Data)     334224 ( 326.39kB)

==============================================================================

